<?xml version="1.0" encoding="utf-8"?>
<?AutomationStudio Version="4.12.4.107 SP"?>
<Objects>
  <Object
    Path="C:\Users\Szkolenie\Desktop\TK_Praktyki_2023\wizualizacja_teo\Logical\Package.pkg"
    LogicalPath=""
    Type="Package.ParentUnknown"
    LastWriteTime="133340747071152797" />
  <Object
    Path="C:\Users\Szkolenie\Desktop\TK_Praktyki_2023\wizualizacja_teo\Temp\Includes\AS_TempDecl\ConfigSortingSystem\GlobalComponents\McElements.var"
    LogicalPath="McElements.var"
    Type="File"
    LastWriteTime="133340733655425408"
    Private="false" />
  <Object
    Path="C:\Users\Szkolenie\Desktop\TK_Praktyki_2023\wizualizacja_teo\Temp\Includes\AS_TempDecl\ConfigSortingSystem\GlobalComponents\MpComponents.var"
    LogicalPath="MpComponents.var"
    Type="File"
    LastWriteTime="133341429948920792"
    Private="false" />
  <Object
    Path="C:\Users\Szkolenie\Desktop\TK_Praktyki_2023\wizualizacja_teo\Logical\Global.typ"
    LogicalPath="Global.typ"
    Type="File"
    LastWriteTime="133340562815029840"
    Private="false" />
  <Object
    Path="C:\Users\Szkolenie\Desktop\TK_Praktyki_2023\wizualizacja_teo\Logical\Global.var"
    LogicalPath="Global.var"
    Type="File"
    LastWriteTime="133340562815029840"
    Private="false" />
  <Object
    Path="C:\Users\Szkolenie\Desktop\TK_Praktyki_2023\wizualizacja_teo\Logical\Libraries\Package.pkg"
    LogicalPath="Libraries"
    Type="Package"
    LastWriteTime="133341399110175026" />
  <Object
    Path="C:\Users\Szkolenie\Desktop\TK_Praktyki_2023\wizualizacja_teo\Logical\Libraries\operator\binary.lby"
    LogicalPath="Libraries.operator"
    Type="Library"
    LastWriteTime="133340562817685474" />
  <Object
    Path="C:\Users\Szkolenie\Desktop\TK_Praktyki_2023\wizualizacja_teo\Logical\Libraries\operator\operator.fun"
    LogicalPath="Libraries.operator.operator.fun"
    Type="File"
    LastWriteTime="133340562817685474"
    Private="false" />
  <Object
    Path="C:\Users\Szkolenie\Desktop\TK_Praktyki_2023\wizualizacja_teo\Logical\Libraries\operator\operator.typ"
    LogicalPath="Libraries.operator.operator.typ"
    Type="File"
    LastWriteTime="133340562817685474"
    Private="false" />
  <Object
    Path="C:\Users\Szkolenie\Desktop\TK_Praktyki_2023\wizualizacja_teo\Logical\Libraries\operator\operator.var"
    LogicalPath="Libraries.operator.operator.var"
    Type="File"
    LastWriteTime="133340562817685474"
    Private="false" />
  <Object
    Path="C:\Users\Szkolenie\Desktop\TK_Praktyki_2023\wizualizacja_teo\Logical\Libraries\runtime\binary.lby"
    LogicalPath="Libraries.runtime"
    Type="Library"
    LastWriteTime="133340562817685474" />
  <Object
    Path="C:\Users\Szkolenie\Desktop\TK_Praktyki_2023\wizualizacja_teo\Logical\Libraries\runtime\runtime.fun"
    LogicalPath="Libraries.runtime.runtime.fun"
    Type="File"
    LastWriteTime="133340562817685474"
    Private="false" />
  <Object
    Path="C:\Users\Szkolenie\Desktop\TK_Praktyki_2023\wizualizacja_teo\Logical\Libraries\runtime\runtime.typ"
    LogicalPath="Libraries.runtime.runtime.typ"
    Type="File"
    LastWriteTime="133340562817685474"
    Private="false" />
  <Object
    Path="C:\Users\Szkolenie\Desktop\TK_Praktyki_2023\wizualizacja_teo\Logical\Libraries\runtime\runtime.var"
    LogicalPath="Libraries.runtime.runtime.var"
    Type="File"
    LastWriteTime="133340562817685474"
    Private="false" />
  <Object
    Path="C:\Users\Szkolenie\Desktop\TK_Praktyki_2023\wizualizacja_teo\Logical\Libraries\astime\binary.lby"
    LogicalPath="Libraries.astime"
    Type="Library"
    LastWriteTime="133340562817685474" />
  <Object
    Path="C:\Users\Szkolenie\Desktop\TK_Praktyki_2023\wizualizacja_teo\Logical\Libraries\astime\astime.fun"
    LogicalPath="Libraries.astime.astime.fun"
    Type="File"
    LastWriteTime="133340562817685474"
    Private="false" />
  <Object
    Path="C:\Users\Szkolenie\Desktop\TK_Praktyki_2023\wizualizacja_teo\Logical\Libraries\astime\astime.typ"
    LogicalPath="Libraries.astime.astime.typ"
    Type="File"
    LastWriteTime="133340562817685474"
    Private="false" />
  <Object
    Path="C:\Users\Szkolenie\Desktop\TK_Praktyki_2023\wizualizacja_teo\Logical\Libraries\astime\astime.var"
    LogicalPath="Libraries.astime.astime.var"
    Type="File"
    LastWriteTime="133340562817685474"
    Private="false" />
  <Object
    Path="C:\Users\Szkolenie\Desktop\TK_Praktyki_2023\wizualizacja_teo\Logical\Libraries\AsIecCon\binary.lby"
    LogicalPath="Libraries.AsIecCon"
    Type="Library"
    LastWriteTime="133340562815186064" />
  <Object
    Path="C:\Users\Szkolenie\Desktop\TK_Praktyki_2023\wizualizacja_teo\Logical\Libraries\AsIecCon\AsIecCon.fun"
    LogicalPath="Libraries.AsIecCon.AsIecCon.fun"
    Type="File"
    LastWriteTime="133340562815186064"
    Private="false" />
  <Object
    Path="C:\Users\Szkolenie\Desktop\TK_Praktyki_2023\wizualizacja_teo\Logical\Libraries\AsIecCon\AsIecCon.typ"
    LogicalPath="Libraries.AsIecCon.AsIecCon.typ"
    Type="File"
    LastWriteTime="133340562815186064"
    Private="false" />
  <Object
    Path="C:\Users\Szkolenie\Desktop\TK_Praktyki_2023\wizualizacja_teo\Logical\Libraries\AsIecCon\AsIecCon.var"
    LogicalPath="Libraries.AsIecCon.AsIecCon.var"
    Type="File"
    LastWriteTime="133340562815186064"
    Private="false" />
  <Object
    Path="C:\Users\Szkolenie\Desktop\TK_Praktyki_2023\wizualizacja_teo\Logical\Libraries\MpAxis\binary.lby"
    LogicalPath="Libraries.MpAxis"
    Type="Library"
    LastWriteTime="133340562817373048" />
  <Object
    Path="C:\Users\Szkolenie\Desktop\TK_Praktyki_2023\wizualizacja_teo\Logical\Libraries\MpAxis\MpAxis.fun"
    LogicalPath="Libraries.MpAxis.MpAxis.fun"
    Type="File"
    LastWriteTime="133340562817217180"
    Private="false" />
  <Object
    Path="C:\Users\Szkolenie\Desktop\TK_Praktyki_2023\wizualizacja_teo\Logical\Libraries\MpAxis\MpAxis.typ"
    LogicalPath="Libraries.MpAxis.MpAxis.typ"
    Type="File"
    LastWriteTime="133340562817217180"
    Private="false" />
  <Object
    Path="C:\Users\Szkolenie\Desktop\TK_Praktyki_2023\wizualizacja_teo\Logical\Libraries\MpAxis\MpAxisError.typ"
    LogicalPath="Libraries.MpAxis.MpAxisError.typ"
    Type="File"
    LastWriteTime="133340562817217180"
    Private="false" />
  <Object
    Path="C:\Users\Szkolenie\Desktop\TK_Praktyki_2023\wizualizacja_teo\Logical\Libraries\McAxis\binary.lby"
    LogicalPath="Libraries.McAxis"
    Type="Library"
    LastWriteTime="133340562816748185" />
  <Object
    Path="C:\Users\Szkolenie\Desktop\TK_Praktyki_2023\wizualizacja_teo\Logical\Libraries\McAxis\McAxis.typ"
    LogicalPath="Libraries.McAxis.McAxis.typ"
    Type="File"
    LastWriteTime="133340562816748185"
    Private="false" />
  <Object
    Path="C:\Users\Szkolenie\Desktop\TK_Praktyki_2023\wizualizacja_teo\Logical\Libraries\McAxis\McAxis.fun"
    LogicalPath="Libraries.McAxis.McAxis.fun"
    Type="File"
    LastWriteTime="133340562816748185"
    Private="false" />
  <Object
    Path="C:\Users\Szkolenie\Desktop\TK_Praktyki_2023\wizualizacja_teo\Logical\Libraries\McAxis\McAxis.var"
    LogicalPath="Libraries.McAxis.McAxis.var"
    Type="File"
    LastWriteTime="133340562816748185"
    Private="false" />
  <Object
    Path="C:\Users\Szkolenie\Desktop\TK_Praktyki_2023\wizualizacja_teo\Logical\Libraries\McAxis\McAxisCfg.typ"
    LogicalPath="Libraries.McAxis.McAxisCfg.typ"
    Type="File"
    LastWriteTime="133340562816748185"
    Private="false" />
  <Object
    Path="C:\Users\Szkolenie\Desktop\TK_Praktyki_2023\wizualizacja_teo\Logical\Libraries\MpBase\Binary.lby"
    LogicalPath="Libraries.MpBase"
    Type="Library"
    LastWriteTime="133340562817373048" />
  <Object
    Path="C:\Users\Szkolenie\Desktop\TK_Praktyki_2023\wizualizacja_teo\Logical\Libraries\MpBase\MpBase.var"
    LogicalPath="Libraries.MpBase.MpBase.var"
    Type="File"
    LastWriteTime="133340562817373048"
    Private="false" />
  <Object
    Path="C:\Users\Szkolenie\Desktop\TK_Praktyki_2023\wizualizacja_teo\Logical\Libraries\MpBase\MpBase.typ"
    LogicalPath="Libraries.MpBase.MpBase.typ"
    Type="File"
    LastWriteTime="133340562817373048"
    Private="false" />
  <Object
    Path="C:\Users\Szkolenie\Desktop\TK_Praktyki_2023\wizualizacja_teo\Logical\Libraries\MpBase\MpBase.fun"
    LogicalPath="Libraries.MpBase.MpBase.fun"
    Type="File"
    LastWriteTime="133340562817373048"
    Private="false" />
  <Object
    Path="C:\Users\Szkolenie\Desktop\TK_Praktyki_2023\wizualizacja_teo\Logical\Libraries\MpBase\Common_EventLog.tmx"
    LogicalPath="Libraries.MpBase.Common_EventLog.tmx"
    Type="File"
    LastWriteTime="133340562817373048"
    Private="false" />
  <Object
    Path="C:\Users\Szkolenie\Desktop\TK_Praktyki_2023\wizualizacja_teo\Logical\Libraries\McAcpAx\binary.lby"
    LogicalPath="Libraries.McAcpAx"
    Type="Library"
    LastWriteTime="133340562816592365" />
  <Object
    Path="C:\Users\Szkolenie\Desktop\TK_Praktyki_2023\wizualizacja_teo\Logical\Libraries\McAcpAx\McAcpAx.typ"
    LogicalPath="Libraries.McAcpAx.McAcpAx.typ"
    Type="File"
    LastWriteTime="133340562815342265"
    Private="false" />
  <Object
    Path="C:\Users\Szkolenie\Desktop\TK_Praktyki_2023\wizualizacja_teo\Logical\Libraries\McAcpAx\McAcpAx.fun"
    LogicalPath="Libraries.McAcpAx.McAcpAx.fun"
    Type="File"
    LastWriteTime="133340562815342265"
    Private="false" />
  <Object
    Path="C:\Users\Szkolenie\Desktop\TK_Praktyki_2023\wizualizacja_teo\Logical\Libraries\McAcpAx\McAcpAx.var"
    LogicalPath="Libraries.McAcpAx.McAcpAx.var"
    Type="File"
    LastWriteTime="133340562815342265"
    Private="false" />
  <Object
    Path="C:\Users\Szkolenie\Desktop\TK_Praktyki_2023\wizualizacja_teo\Logical\Libraries\McAcpAx\McAcpAxCfg.typ"
    LogicalPath="Libraries.McAcpAx.McAcpAxCfg.typ"
    Type="File"
    LastWriteTime="133340562815342265"
    Private="false" />
  <Object
    Path="C:\Users\Szkolenie\Desktop\TK_Praktyki_2023\wizualizacja_teo\Logical\Libraries\CoTrace\binary.lby"
    LogicalPath="Libraries.CoTrace"
    Type="Library"
    LastWriteTime="133340562815186064" />
  <Object
    Path="C:\Users\Szkolenie\Desktop\TK_Praktyki_2023\wizualizacja_teo\Logical\Libraries\CoTrace\CoTrace.fun"
    LogicalPath="Libraries.CoTrace.CoTrace.fun"
    Type="File"
    LastWriteTime="133340562815186064"
    Private="false" />
  <Object
    Path="C:\Users\Szkolenie\Desktop\TK_Praktyki_2023\wizualizacja_teo\Logical\Libraries\CoTrace\CoTrace.typ"
    LogicalPath="Libraries.CoTrace.CoTrace.typ"
    Type="File"
    LastWriteTime="133340562815186064"
    Private="false" />
  <Object
    Path="C:\Users\Szkolenie\Desktop\TK_Praktyki_2023\wizualizacja_teo\Logical\Libraries\CoTrace\CoTrace.var"
    LogicalPath="Libraries.CoTrace.CoTrace.var"
    Type="File"
    LastWriteTime="133340562815186064"
    Private="false" />
  <Object
    Path="C:\Users\Szkolenie\Desktop\TK_Praktyki_2023\wizualizacja_teo\Logical\Libraries\AsZip\binary.lby"
    LogicalPath="Libraries.AsZip"
    Type="Library"
    LastWriteTime="133340562815186064" />
  <Object
    Path="C:\Users\Szkolenie\Desktop\TK_Praktyki_2023\wizualizacja_teo\Logical\Libraries\AsZip\AsZip.fun"
    LogicalPath="Libraries.AsZip.AsZip.fun"
    Type="File"
    LastWriteTime="133340562815186064"
    Private="false" />
  <Object
    Path="C:\Users\Szkolenie\Desktop\TK_Praktyki_2023\wizualizacja_teo\Logical\Libraries\AsZip\AsZip.typ"
    LogicalPath="Libraries.AsZip.AsZip.typ"
    Type="File"
    LastWriteTime="133340562815186064"
    Private="false" />
  <Object
    Path="C:\Users\Szkolenie\Desktop\TK_Praktyki_2023\wizualizacja_teo\Logical\Libraries\AsZip\AsZip.var"
    LogicalPath="Libraries.AsZip.AsZip.var"
    Type="File"
    LastWriteTime="133340562815186064"
    Private="false" />
  <Object
    Path="C:\Users\Szkolenie\Desktop\TK_Praktyki_2023\wizualizacja_teo\Logical\Libraries\FileIO\binary.lby"
    LogicalPath="Libraries.FileIO"
    Type="Library"
    LastWriteTime="133340562815342265" />
  <Object
    Path="C:\Users\Szkolenie\Desktop\TK_Praktyki_2023\wizualizacja_teo\Logical\Libraries\FileIO\FileIO.fun"
    LogicalPath="Libraries.FileIO.FileIO.fun"
    Type="File"
    LastWriteTime="133340562815186064"
    Private="false" />
  <Object
    Path="C:\Users\Szkolenie\Desktop\TK_Praktyki_2023\wizualizacja_teo\Logical\Libraries\FileIO\FileIO.typ"
    LogicalPath="Libraries.FileIO.FileIO.typ"
    Type="File"
    LastWriteTime="133340562815342265"
    Private="false" />
  <Object
    Path="C:\Users\Szkolenie\Desktop\TK_Praktyki_2023\wizualizacja_teo\Logical\Libraries\FileIO\FileIO.var"
    LogicalPath="Libraries.FileIO.FileIO.var"
    Type="File"
    LastWriteTime="133340562815342265"
    Private="false" />
  <Object
    Path="C:\Users\Szkolenie\Desktop\TK_Praktyki_2023\wizualizacja_teo\Logical\Libraries\McBase\binary.lby"
    LogicalPath="Libraries.McBase"
    Type="Library"
    LastWriteTime="133340562817217180" />
  <Object
    Path="C:\Users\Szkolenie\Desktop\TK_Praktyki_2023\wizualizacja_teo\Logical\Libraries\McBase\McBase.typ"
    LogicalPath="Libraries.McBase.McBase.typ"
    Type="File"
    LastWriteTime="133340562816748185"
    Private="false" />
  <Object
    Path="C:\Users\Szkolenie\Desktop\TK_Praktyki_2023\wizualizacja_teo\Logical\Libraries\McBase\McBase.fun"
    LogicalPath="Libraries.McBase.McBase.fun"
    Type="File"
    LastWriteTime="133340562816748185"
    Private="false" />
  <Object
    Path="C:\Users\Szkolenie\Desktop\TK_Praktyki_2023\wizualizacja_teo\Logical\Libraries\McBase\McBase.var"
    LogicalPath="Libraries.McBase.McBase.var"
    Type="File"
    LastWriteTime="133340562816748185"
    Private="false" />
  <Object
    Path="C:\Users\Szkolenie\Desktop\TK_Praktyki_2023\wizualizacja_teo\Logical\Libraries\McBase\McBaseCfg.typ"
    LogicalPath="Libraries.McBase.McBaseCfg.typ"
    Type="File"
    LastWriteTime="133340562816904392"
    Private="false" />
  <Object
    Path="C:\Users\Szkolenie\Desktop\TK_Praktyki_2023\wizualizacja_teo\Logical\Libraries\MpAlarmX\Binary.lby"
    LogicalPath="Libraries.MpAlarmX"
    Type="Library"
    LastWriteTime="133340599491194200" />
  <Object
    Path="C:\Users\Szkolenie\Desktop\TK_Praktyki_2023\wizualizacja_teo\Logical\Libraries\MpAlarmX\MpAlarmX.typ"
    LogicalPath="Libraries.MpAlarmX.MpAlarmX.typ"
    Type="File"
    LastWriteTime="133340599491144330"
    Private="false" />
  <Object
    Path="C:\Users\Szkolenie\Desktop\TK_Praktyki_2023\wizualizacja_teo\Logical\Libraries\MpAlarmX\MpAlarmXError.typ"
    LogicalPath="Libraries.MpAlarmX.MpAlarmXError.typ"
    Type="File"
    LastWriteTime="133340599491154305"
    Private="false" />
  <Object
    Path="C:\Users\Szkolenie\Desktop\TK_Praktyki_2023\wizualizacja_teo\Logical\Libraries\MpAlarmX\MpAlarmX.fun"
    LogicalPath="Libraries.MpAlarmX.MpAlarmX.fun"
    Type="File"
    LastWriteTime="133340599491184221"
    Private="false" />
  <Object
    Path="C:\Users\Szkolenie\Desktop\TK_Praktyki_2023\wizualizacja_teo\Logical\Libraries\standard\binary.lby"
    LogicalPath="Libraries.standard"
    Type="Library"
    LastWriteTime="133340747072439353" />
  <Object
    Path="C:\Users\Szkolenie\Desktop\TK_Praktyki_2023\wizualizacja_teo\Logical\Libraries\standard\standard.fun"
    LogicalPath="Libraries.standard.standard.fun"
    Type="File"
    LastWriteTime="133340747072399464"
    Private="false" />
  <Object
    Path="C:\Users\Szkolenie\Desktop\TK_Praktyki_2023\wizualizacja_teo\Logical\Libraries\standard\standard.typ"
    LogicalPath="Libraries.standard.standard.typ"
    Type="File"
    LastWriteTime="133340747072419404"
    Private="false" />
  <Object
    Path="C:\Users\Szkolenie\Desktop\TK_Praktyki_2023\wizualizacja_teo\Logical\Libraries\standard\standard.var"
    LogicalPath="Libraries.standard.standard.var"
    Type="File"
    LastWriteTime="133340747072439353"
    Private="false" />
  <Object
    Path="C:\Users\Szkolenie\Desktop\TK_Praktyki_2023\wizualizacja_teo\Logical\Libraries\MpServer\Binary.lby"
    LogicalPath="Libraries.MpServer"
    Type="Library"
    LastWriteTime="133341399110075303" />
  <Object
    Path="C:\Users\Szkolenie\Desktop\TK_Praktyki_2023\wizualizacja_teo\Logical\Libraries\MpServer\Constants.var"
    LogicalPath="Libraries.MpServer.Constants.var"
    Type="File"
    LastWriteTime="133341399110011547"
    Private="false" />
  <Object
    Path="C:\Users\Szkolenie\Desktop\TK_Praktyki_2023\wizualizacja_teo\Logical\Libraries\MpServer\Types.typ"
    LogicalPath="Libraries.MpServer.Types.typ"
    Type="File"
    LastWriteTime="133341399110031459"
    Private="false" />
  <Object
    Path="C:\Users\Szkolenie\Desktop\TK_Praktyki_2023\wizualizacja_teo\Logical\Libraries\MpServer\MpServer.fun"
    LogicalPath="Libraries.MpServer.MpServer.fun"
    Type="File"
    LastWriteTime="133341399110041448"
    Private="false" />
  <Object
    Path="C:\Users\Szkolenie\Desktop\TK_Praktyki_2023\wizualizacja_teo\Logical\Libraries\MpServer\MpServer_EventLog.tmx"
    LogicalPath="Libraries.MpServer.MpServer_EventLog.tmx"
    Type="File"
    LastWriteTime="133341399110075303"
    Private="false" />
  <Object
    Path="C:\Users\Szkolenie\Desktop\TK_Praktyki_2023\wizualizacja_teo\Logical\mappView\Package.pkg"
    LogicalPath="mappView"
    Type="Package"
    LastWriteTime="133340562817685474" />
  <Object
    Path="C:\Users\Szkolenie\Desktop\TK_Praktyki_2023\wizualizacja_teo\Logical\mappView\Layouts\Package.pkg"
    LogicalPath="mappView.Layouts"
    Type="Package"
    LastWriteTime="133340608726690696" />
  <Object
    Path="C:\Users\Szkolenie\Desktop\TK_Praktyki_2023\wizualizacja_teo\Logical\mappView\Layouts\LayoutMain.layout"
    LogicalPath="mappView.Layouts.LayoutMain.layout"
    Type="File"
    LastWriteTime="133340666410794063"
    Private="false" />
  <Object
    Path="C:\Users\Szkolenie\Desktop\TK_Praktyki_2023\wizualizacja_teo\Logical\mappView\Layouts\LayoutAlarmHistory.layout"
    LogicalPath="mappView.Layouts.LayoutAlarmHistory.layout"
    Type="File"
    LastWriteTime="133341435694524585"
    Private="false" />
  <Object
    Path="C:\Users\Szkolenie\Desktop\TK_Praktyki_2023\wizualizacja_teo\Logical\mappView\Widgets\Package.pkg"
    LogicalPath="mappView.Widgets"
    Type="Package"
    LastWriteTime="133340562817997881" />
  <Object
    Path="C:\Users\Szkolenie\Desktop\TK_Praktyki_2023\wizualizacja_teo\Logical\mappView\Resources\Package.pkg"
    LogicalPath="mappView.Resources"
    Type="Package"
    LastWriteTime="133340562817685474" />
  <Object
    Path="C:\Users\Szkolenie\Desktop\TK_Praktyki_2023\wizualizacja_teo\Logical\mappView\Resources\Texts\Package.pkg"
    LogicalPath="mappView.Resources.Texts"
    Type="Package"
    LastWriteTime="133340562817841681" />
  <Object
    Path="C:\Users\Szkolenie\Desktop\TK_Praktyki_2023\wizualizacja_teo\Logical\mappView\Resources\Snippets\Package.pkg"
    LogicalPath="mappView.Resources.Snippets"
    Type="Package"
    LastWriteTime="133340562817685474" />
  <Object
    Path="C:\Users\Szkolenie\Desktop\TK_Praktyki_2023\wizualizacja_teo\Logical\mappView\Resources\Themes\Package.pkg"
    LogicalPath="mappView.Resources.Themes"
    Type="Package"
    LastWriteTime="133340562817841681" />
  <Object
    Path="C:\Users\Szkolenie\Desktop\TK_Praktyki_2023\wizualizacja_teo\Logical\mappView\Resources\Media\Package.pkg"
    LogicalPath="mappView.Resources.Media"
    Type="Package"
    LastWriteTime="133340681690268806" />
  <Object
    Path="C:\Users\Szkolenie\Desktop\TK_Praktyki_2023\wizualizacja_teo\Logical\mappView\Resources\Media\SymbolLib\Package.pkg"
    LogicalPath="mappView.Resources.Media.SymbolLib"
    Type="Package"
    LastWriteTime="133340681690893647" />
  <Object
    Path="C:\Users\Szkolenie\Desktop\TK_Praktyki_2023\wizualizacja_teo\Logical\mappView\Resources\Media\SymbolLib\Alarm\Package.pkg"
    LogicalPath="mappView.Resources.Media.SymbolLib.Alarm"
    Type="Package"
    LastWriteTime="133340681690268806" />
  <Object
    Path="C:\Users\Szkolenie\Desktop\TK_Praktyki_2023\wizualizacja_teo\Logical\mappView\Resources\Media\SymbolLib\Alarm\Acknowledge.svg"
    LogicalPath="mappView.Resources.Media.SymbolLib.Alarm.Acknowledge.svg"
    Type="File"
    LastWriteTime="133340681690268806"
    Private="false" />
  <Object
    Path="C:\Users\Szkolenie\Desktop\TK_Praktyki_2023\wizualizacja_teo\Logical\mappView\Resources\Media\SymbolLib\Alarm\Alarm.svg"
    LogicalPath="mappView.Resources.Media.SymbolLib.Alarm.Alarm.svg"
    Type="File"
    LastWriteTime="133340681690268806"
    Private="false" />
  <Object
    Path="C:\Users\Szkolenie\Desktop\TK_Praktyki_2023\wizualizacja_teo\Logical\mappView\Resources\Media\SymbolLib\Alarm\AlarmHistory.svg"
    LogicalPath="mappView.Resources.Media.SymbolLib.Alarm.AlarmHistory.svg"
    Type="File"
    LastWriteTime="133340681690268806"
    Private="false" />
  <Object
    Path="C:\Users\Szkolenie\Desktop\TK_Praktyki_2023\wizualizacja_teo\Logical\mappView\Resources\Media\SymbolLib\Alarm\Error.svg"
    LogicalPath="mappView.Resources.Media.SymbolLib.Alarm.Error.svg"
    Type="File"
    LastWriteTime="133340681690268806"
    Private="false" />
  <Object
    Path="C:\Users\Szkolenie\Desktop\TK_Praktyki_2023\wizualizacja_teo\Logical\mappView\Resources\Media\SymbolLib\Arrow\Package.pkg"
    LogicalPath="mappView.Resources.Media.SymbolLib.Arrow"
    Type="Package"
    LastWriteTime="133340681690268806" />
  <Object
    Path="C:\Users\Szkolenie\Desktop\TK_Praktyki_2023\wizualizacja_teo\Logical\mappView\Resources\Media\SymbolLib\Arrow\ArrowDown.svg"
    LogicalPath="mappView.Resources.Media.SymbolLib.Arrow.ArrowDown.svg"
    Type="File"
    LastWriteTime="133340681690268806"
    Private="false" />
  <Object
    Path="C:\Users\Szkolenie\Desktop\TK_Praktyki_2023\wizualizacja_teo\Logical\mappView\Resources\Media\SymbolLib\Arrow\ArrowLeft.svg"
    LogicalPath="mappView.Resources.Media.SymbolLib.Arrow.ArrowLeft.svg"
    Type="File"
    LastWriteTime="133340681690268806"
    Private="false" />
  <Object
    Path="C:\Users\Szkolenie\Desktop\TK_Praktyki_2023\wizualizacja_teo\Logical\mappView\Resources\Media\SymbolLib\Arrow\ArrowRight.svg"
    LogicalPath="mappView.Resources.Media.SymbolLib.Arrow.ArrowRight.svg"
    Type="File"
    LastWriteTime="133340681690268806"
    Private="false" />
  <Object
    Path="C:\Users\Szkolenie\Desktop\TK_Praktyki_2023\wizualizacja_teo\Logical\mappView\Resources\Media\SymbolLib\Arrow\ArrowUp.svg"
    LogicalPath="mappView.Resources.Media.SymbolLib.Arrow.ArrowUp.svg"
    Type="File"
    LastWriteTime="133340681690268806"
    Private="false" />
  <Object
    Path="C:\Users\Szkolenie\Desktop\TK_Praktyki_2023\wizualizacja_teo\Logical\mappView\Resources\Media\SymbolLib\Arrow\Back.svg"
    LogicalPath="mappView.Resources.Media.SymbolLib.Arrow.Back.svg"
    Type="File"
    LastWriteTime="133340681690268806"
    Private="false" />
  <Object
    Path="C:\Users\Szkolenie\Desktop\TK_Praktyki_2023\wizualizacja_teo\Logical\mappView\Resources\Media\SymbolLib\Arrow\Down2.svg"
    LogicalPath="mappView.Resources.Media.SymbolLib.Arrow.Down2.svg"
    Type="File"
    LastWriteTime="133340681690268806"
    Private="false" />
  <Object
    Path="C:\Users\Szkolenie\Desktop\TK_Praktyki_2023\wizualizacja_teo\Logical\mappView\Resources\Media\SymbolLib\Arrow\Down1.svg"
    LogicalPath="mappView.Resources.Media.SymbolLib.Arrow.Down1.svg"
    Type="File"
    LastWriteTime="133340681690268806"
    Private="false" />
  <Object
    Path="C:\Users\Szkolenie\Desktop\TK_Praktyki_2023\wizualizacja_teo\Logical\mappView\Resources\Media\SymbolLib\Arrow\Down3.svg"
    LogicalPath="mappView.Resources.Media.SymbolLib.Arrow.Down3.svg"
    Type="File"
    LastWriteTime="133340681690268806"
    Private="false" />
  <Object
    Path="C:\Users\Szkolenie\Desktop\TK_Praktyki_2023\wizualizacja_teo\Logical\mappView\Resources\Media\SymbolLib\Arrow\Forward.svg"
    LogicalPath="mappView.Resources.Media.SymbolLib.Arrow.Forward.svg"
    Type="File"
    LastWriteTime="133340681690268806"
    Private="false" />
  <Object
    Path="C:\Users\Szkolenie\Desktop\TK_Praktyki_2023\wizualizacja_teo\Logical\mappView\Resources\Media\SymbolLib\Arrow\Up1.svg"
    LogicalPath="mappView.Resources.Media.SymbolLib.Arrow.Up1.svg"
    Type="File"
    LastWriteTime="133340681690268806"
    Private="false" />
  <Object
    Path="C:\Users\Szkolenie\Desktop\TK_Praktyki_2023\wizualizacja_teo\Logical\mappView\Resources\Media\SymbolLib\Arrow\Up2.svg"
    LogicalPath="mappView.Resources.Media.SymbolLib.Arrow.Up2.svg"
    Type="File"
    LastWriteTime="133340681690268806"
    Private="false" />
  <Object
    Path="C:\Users\Szkolenie\Desktop\TK_Praktyki_2023\wizualizacja_teo\Logical\mappView\Resources\Media\SymbolLib\Arrow\Up3.svg"
    LogicalPath="mappView.Resources.Media.SymbolLib.Arrow.Up3.svg"
    Type="File"
    LastWriteTime="133340681690425011"
    Private="false" />
  <Object
    Path="C:\Users\Szkolenie\Desktop\TK_Praktyki_2023\wizualizacja_teo\Logical\mappView\Resources\Media\SymbolLib\Communication\Package.pkg"
    LogicalPath="mappView.Resources.Media.SymbolLib.Communication"
    Type="Package"
    LastWriteTime="133340681690425011" />
  <Object
    Path="C:\Users\Szkolenie\Desktop\TK_Praktyki_2023\wizualizacja_teo\Logical\mappView\Resources\Media\SymbolLib\Communication\ConnectionFail.svg"
    LogicalPath="mappView.Resources.Media.SymbolLib.Communication.ConnectionFail.svg"
    Type="File"
    LastWriteTime="133340681690425011"
    Private="false" />
  <Object
    Path="C:\Users\Szkolenie\Desktop\TK_Praktyki_2023\wizualizacja_teo\Logical\mappView\Resources\Media\SymbolLib\Communication\ConnectionOK.svg"
    LogicalPath="mappView.Resources.Media.SymbolLib.Communication.ConnectionOK.svg"
    Type="File"
    LastWriteTime="133340681690425011"
    Private="false" />
  <Object
    Path="C:\Users\Szkolenie\Desktop\TK_Praktyki_2023\wizualizacja_teo\Logical\mappView\Resources\Media\SymbolLib\Communication\Network.svg"
    LogicalPath="mappView.Resources.Media.SymbolLib.Communication.Network.svg"
    Type="File"
    LastWriteTime="133340681690425011"
    Private="false" />
  <Object
    Path="C:\Users\Szkolenie\Desktop\TK_Praktyki_2023\wizualizacja_teo\Logical\mappView\Resources\Media\SymbolLib\DateTime\Package.pkg"
    LogicalPath="mappView.Resources.Media.SymbolLib.DateTime"
    Type="Package"
    LastWriteTime="133340681690425011" />
  <Object
    Path="C:\Users\Szkolenie\Desktop\TK_Praktyki_2023\wizualizacja_teo\Logical\mappView\Resources\Media\SymbolLib\DateTime\Calendar.svg"
    LogicalPath="mappView.Resources.Media.SymbolLib.DateTime.Calendar.svg"
    Type="File"
    LastWriteTime="133340681690425011"
    Private="false" />
  <Object
    Path="C:\Users\Szkolenie\Desktop\TK_Praktyki_2023\wizualizacja_teo\Logical\mappView\Resources\Media\SymbolLib\DateTime\Clock.svg"
    LogicalPath="mappView.Resources.Media.SymbolLib.DateTime.Clock.svg"
    Type="File"
    LastWriteTime="133340681690425011"
    Private="false" />
  <Object
    Path="C:\Users\Szkolenie\Desktop\TK_Praktyki_2023\wizualizacja_teo\Logical\mappView\Resources\Media\SymbolLib\DateTime\Date.svg"
    LogicalPath="mappView.Resources.Media.SymbolLib.DateTime.Date.svg"
    Type="File"
    LastWriteTime="133340681690425011"
    Private="false" />
  <Object
    Path="C:\Users\Szkolenie\Desktop\TK_Praktyki_2023\wizualizacja_teo\Logical\mappView\Resources\Media\SymbolLib\Diagnostic\Package.pkg"
    LogicalPath="mappView.Resources.Media.SymbolLib.Diagnostic"
    Type="Package"
    LastWriteTime="133340681690425011" />
  <Object
    Path="C:\Users\Szkolenie\Desktop\TK_Praktyki_2023\wizualizacja_teo\Logical\mappView\Resources\Media\SymbolLib\Diagnostic\Diagnostics.svg"
    LogicalPath="mappView.Resources.Media.SymbolLib.Diagnostic.Diagnostics.svg"
    Type="File"
    LastWriteTime="133340681690425011"
    Private="false" />
  <Object
    Path="C:\Users\Szkolenie\Desktop\TK_Praktyki_2023\wizualizacja_teo\Logical\mappView\Resources\Media\SymbolLib\DisplayAndTouch\Package.pkg"
    LogicalPath="mappView.Resources.Media.SymbolLib.DisplayAndTouch"
    Type="Package"
    LastWriteTime="133340681690425011" />
  <Object
    Path="C:\Users\Szkolenie\Desktop\TK_Praktyki_2023\wizualizacja_teo\Logical\mappView\Resources\Media\SymbolLib\DisplayAndTouch\Calibrate.svg"
    LogicalPath="mappView.Resources.Media.SymbolLib.DisplayAndTouch.Calibrate.svg"
    Type="File"
    LastWriteTime="133340681690425011"
    Private="false" />
  <Object
    Path="C:\Users\Szkolenie\Desktop\TK_Praktyki_2023\wizualizacja_teo\Logical\mappView\Resources\Media\SymbolLib\DisplayAndTouch\Contrast.svg"
    LogicalPath="mappView.Resources.Media.SymbolLib.DisplayAndTouch.Contrast.svg"
    Type="File"
    LastWriteTime="133340681690425011"
    Private="false" />
  <Object
    Path="C:\Users\Szkolenie\Desktop\TK_Praktyki_2023\wizualizacja_teo\Logical\mappView\Resources\Media\SymbolLib\DisplayAndTouch\Lightness.svg"
    LogicalPath="mappView.Resources.Media.SymbolLib.DisplayAndTouch.Lightness.svg"
    Type="File"
    LastWriteTime="133340681690425011"
    Private="false" />
  <Object
    Path="C:\Users\Szkolenie\Desktop\TK_Praktyki_2023\wizualizacja_teo\Logical\mappView\Resources\Media\SymbolLib\Edit\Package.pkg"
    LogicalPath="mappView.Resources.Media.SymbolLib.Edit"
    Type="Package"
    LastWriteTime="133340681690581215" />
  <Object
    Path="C:\Users\Szkolenie\Desktop\TK_Praktyki_2023\wizualizacja_teo\Logical\mappView\Resources\Media\SymbolLib\Edit\Add.svg"
    LogicalPath="mappView.Resources.Media.SymbolLib.Edit.Add.svg"
    Type="File"
    LastWriteTime="133340681690425011"
    Private="false" />
  <Object
    Path="C:\Users\Szkolenie\Desktop\TK_Praktyki_2023\wizualizacja_teo\Logical\mappView\Resources\Media\SymbolLib\Edit\Character.svg"
    LogicalPath="mappView.Resources.Media.SymbolLib.Edit.Character.svg"
    Type="File"
    LastWriteTime="133340681690425011"
    Private="false" />
  <Object
    Path="C:\Users\Szkolenie\Desktop\TK_Praktyki_2023\wizualizacja_teo\Logical\mappView\Resources\Media\SymbolLib\Edit\Close.svg"
    LogicalPath="mappView.Resources.Media.SymbolLib.Edit.Close.svg"
    Type="File"
    LastWriteTime="133340681690425011"
    Private="false" />
  <Object
    Path="C:\Users\Szkolenie\Desktop\TK_Praktyki_2023\wizualizacja_teo\Logical\mappView\Resources\Media\SymbolLib\Edit\Copy.svg"
    LogicalPath="mappView.Resources.Media.SymbolLib.Edit.Copy.svg"
    Type="File"
    LastWriteTime="133340681690425011"
    Private="false" />
  <Object
    Path="C:\Users\Szkolenie\Desktop\TK_Praktyki_2023\wizualizacja_teo\Logical\mappView\Resources\Media\SymbolLib\Edit\Cut.svg"
    LogicalPath="mappView.Resources.Media.SymbolLib.Edit.Cut.svg"
    Type="File"
    LastWriteTime="133340681690425011"
    Private="false" />
  <Object
    Path="C:\Users\Szkolenie\Desktop\TK_Praktyki_2023\wizualizacja_teo\Logical\mappView\Resources\Media\SymbolLib\Edit\Delete.svg"
    LogicalPath="mappView.Resources.Media.SymbolLib.Edit.Delete.svg"
    Type="File"
    LastWriteTime="133340681690425011"
    Private="false" />
  <Object
    Path="C:\Users\Szkolenie\Desktop\TK_Praktyki_2023\wizualizacja_teo\Logical\mappView\Resources\Media\SymbolLib\Edit\Edit.svg"
    LogicalPath="mappView.Resources.Media.SymbolLib.Edit.Edit.svg"
    Type="File"
    LastWriteTime="133340681690425011"
    Private="false" />
  <Object
    Path="C:\Users\Szkolenie\Desktop\TK_Praktyki_2023\wizualizacja_teo\Logical\mappView\Resources\Media\SymbolLib\Edit\Favorite.svg"
    LogicalPath="mappView.Resources.Media.SymbolLib.Edit.Favorite.svg"
    Type="File"
    LastWriteTime="133340681690425011"
    Private="false" />
  <Object
    Path="C:\Users\Szkolenie\Desktop\TK_Praktyki_2023\wizualizacja_teo\Logical\mappView\Resources\Media\SymbolLib\Edit\Help.svg"
    LogicalPath="mappView.Resources.Media.SymbolLib.Edit.Help.svg"
    Type="File"
    LastWriteTime="133340681690581215"
    Private="false" />
  <Object
    Path="C:\Users\Szkolenie\Desktop\TK_Praktyki_2023\wizualizacja_teo\Logical\mappView\Resources\Media\SymbolLib\Edit\Information.svg"
    LogicalPath="mappView.Resources.Media.SymbolLib.Edit.Information.svg"
    Type="File"
    LastWriteTime="133340681690581215"
    Private="false" />
  <Object
    Path="C:\Users\Szkolenie\Desktop\TK_Praktyki_2023\wizualizacja_teo\Logical\mappView\Resources\Media\SymbolLib\Edit\Insert.svg"
    LogicalPath="mappView.Resources.Media.SymbolLib.Edit.Insert.svg"
    Type="File"
    LastWriteTime="133340681690581215"
    Private="false" />
  <Object
    Path="C:\Users\Szkolenie\Desktop\TK_Praktyki_2023\wizualizacja_teo\Logical\mappView\Resources\Media\SymbolLib\Edit\Maximize.svg"
    LogicalPath="mappView.Resources.Media.SymbolLib.Edit.Maximize.svg"
    Type="File"
    LastWriteTime="133340681690581215"
    Private="false" />
  <Object
    Path="C:\Users\Szkolenie\Desktop\TK_Praktyki_2023\wizualizacja_teo\Logical\mappView\Resources\Media\SymbolLib\Edit\Minimize.svg"
    LogicalPath="mappView.Resources.Media.SymbolLib.Edit.Minimize.svg"
    Type="File"
    LastWriteTime="133340681690581215"
    Private="false" />
  <Object
    Path="C:\Users\Szkolenie\Desktop\TK_Praktyki_2023\wizualizacja_teo\Logical\mappView\Resources\Media\SymbolLib\Edit\New.svg"
    LogicalPath="mappView.Resources.Media.SymbolLib.Edit.New.svg"
    Type="File"
    LastWriteTime="133340681690581215"
    Private="false" />
  <Object
    Path="C:\Users\Szkolenie\Desktop\TK_Praktyki_2023\wizualizacja_teo\Logical\mappView\Resources\Media\SymbolLib\Edit\Number.svg"
    LogicalPath="mappView.Resources.Media.SymbolLib.Edit.Number.svg"
    Type="File"
    LastWriteTime="133340681690581215"
    Private="false" />
  <Object
    Path="C:\Users\Szkolenie\Desktop\TK_Praktyki_2023\wizualizacja_teo\Logical\mappView\Resources\Media\SymbolLib\Edit\Open.svg"
    LogicalPath="mappView.Resources.Media.SymbolLib.Edit.Open.svg"
    Type="File"
    LastWriteTime="133340681690581215"
    Private="false" />
  <Object
    Path="C:\Users\Szkolenie\Desktop\TK_Praktyki_2023\wizualizacja_teo\Logical\mappView\Resources\Media\SymbolLib\Edit\Pin.svg"
    LogicalPath="mappView.Resources.Media.SymbolLib.Edit.Pin.svg"
    Type="File"
    LastWriteTime="133340681690581215"
    Private="false" />
  <Object
    Path="C:\Users\Szkolenie\Desktop\TK_Praktyki_2023\wizualizacja_teo\Logical\mappView\Resources\Media\SymbolLib\Edit\Pin2.svg"
    LogicalPath="mappView.Resources.Media.SymbolLib.Edit.Pin2.svg"
    Type="File"
    LastWriteTime="133340681690581215"
    Private="false" />
  <Object
    Path="C:\Users\Szkolenie\Desktop\TK_Praktyki_2023\wizualizacja_teo\Logical\mappView\Resources\Media\SymbolLib\Edit\Redo.svg"
    LogicalPath="mappView.Resources.Media.SymbolLib.Edit.Redo.svg"
    Type="File"
    LastWriteTime="133340681690581215"
    Private="false" />
  <Object
    Path="C:\Users\Szkolenie\Desktop\TK_Praktyki_2023\wizualizacja_teo\Logical\mappView\Resources\Media\SymbolLib\Edit\Save.svg"
    LogicalPath="mappView.Resources.Media.SymbolLib.Edit.Save.svg"
    Type="File"
    LastWriteTime="133340681690581215"
    Private="false" />
  <Object
    Path="C:\Users\Szkolenie\Desktop\TK_Praktyki_2023\wizualizacja_teo\Logical\mappView\Resources\Media\SymbolLib\Edit\Undo.svg"
    LogicalPath="mappView.Resources.Media.SymbolLib.Edit.Undo.svg"
    Type="File"
    LastWriteTime="133340681690581215"
    Private="false" />
  <Object
    Path="C:\Users\Szkolenie\Desktop\TK_Praktyki_2023\wizualizacja_teo\Logical\mappView\Resources\Media\SymbolLib\Edit\ZoomIn.svg"
    LogicalPath="mappView.Resources.Media.SymbolLib.Edit.ZoomIn.svg"
    Type="File"
    LastWriteTime="133340681690581215"
    Private="false" />
  <Object
    Path="C:\Users\Szkolenie\Desktop\TK_Praktyki_2023\wizualizacja_teo\Logical\mappView\Resources\Media\SymbolLib\Edit\ZoomOut.svg"
    LogicalPath="mappView.Resources.Media.SymbolLib.Edit.ZoomOut.svg"
    Type="File"
    LastWriteTime="133340681690581215"
    Private="false" />
  <Object
    Path="C:\Users\Szkolenie\Desktop\TK_Praktyki_2023\wizualizacja_teo\Logical\mappView\Resources\Media\SymbolLib\File\Package.pkg"
    LogicalPath="mappView.Resources.Media.SymbolLib.File"
    Type="Package"
    LastWriteTime="133340681690581215" />
  <Object
    Path="C:\Users\Szkolenie\Desktop\TK_Praktyki_2023\wizualizacja_teo\Logical\mappView\Resources\Media\SymbolLib\File\File.svg"
    LogicalPath="mappView.Resources.Media.SymbolLib.File.File.svg"
    Type="File"
    LastWriteTime="133340681690581215"
    Private="false" />
  <Object
    Path="C:\Users\Szkolenie\Desktop\TK_Praktyki_2023\wizualizacja_teo\Logical\mappView\Resources\Media\SymbolLib\File\Files.svg"
    LogicalPath="mappView.Resources.Media.SymbolLib.File.Files.svg"
    Type="File"
    LastWriteTime="133340681690581215"
    Private="false" />
  <Object
    Path="C:\Users\Szkolenie\Desktop\TK_Praktyki_2023\wizualizacja_teo\Logical\mappView\Resources\Media\SymbolLib\File\Package.svg"
    LogicalPath="mappView.Resources.Media.SymbolLib.File.Package.svg"
    Type="File"
    LastWriteTime="133340681690581215"
    Private="false" />
  <Object
    Path="C:\Users\Szkolenie\Desktop\TK_Praktyki_2023\wizualizacja_teo\Logical\mappView\Resources\Media\SymbolLib\File\Recipe.svg"
    LogicalPath="mappView.Resources.Media.SymbolLib.File.Recipe.svg"
    Type="File"
    LastWriteTime="133340681690581215"
    Private="false" />
  <Object
    Path="C:\Users\Szkolenie\Desktop\TK_Praktyki_2023\wizualizacja_teo\Logical\mappView\Resources\Media\SymbolLib\File\Search.svg"
    LogicalPath="mappView.Resources.Media.SymbolLib.File.Search.svg"
    Type="File"
    LastWriteTime="133340681690581215"
    Private="false" />
  <Object
    Path="C:\Users\Szkolenie\Desktop\TK_Praktyki_2023\wizualizacja_teo\Logical\mappView\Resources\Media\SymbolLib\Localize\Package.pkg"
    LogicalPath="mappView.Resources.Media.SymbolLib.Localize"
    Type="Package"
    LastWriteTime="133340681690737427" />
  <Object
    Path="C:\Users\Szkolenie\Desktop\TK_Praktyki_2023\wizualizacja_teo\Logical\mappView\Resources\Media\SymbolLib\Localize\Browser.svg"
    LogicalPath="mappView.Resources.Media.SymbolLib.Localize.Browser.svg"
    Type="File"
    LastWriteTime="133340681690581215"
    Private="false" />
  <Object
    Path="C:\Users\Szkolenie\Desktop\TK_Praktyki_2023\wizualizacja_teo\Logical\mappView\Resources\Media\SymbolLib\Localize\China.svg"
    LogicalPath="mappView.Resources.Media.SymbolLib.Localize.China.svg"
    Type="File"
    LastWriteTime="133340681690581215"
    Private="false" />
  <Object
    Path="C:\Users\Szkolenie\Desktop\TK_Praktyki_2023\wizualizacja_teo\Logical\mappView\Resources\Media\SymbolLib\Localize\Flag.svg"
    LogicalPath="mappView.Resources.Media.SymbolLib.Localize.Flag.svg"
    Type="File"
    LastWriteTime="133340681690581215"
    Private="false" />
  <Object
    Path="C:\Users\Szkolenie\Desktop\TK_Praktyki_2023\wizualizacja_teo\Logical\mappView\Resources\Media\SymbolLib\Localize\France.svg"
    LogicalPath="mappView.Resources.Media.SymbolLib.Localize.France.svg"
    Type="File"
    LastWriteTime="133340681690581215"
    Private="false" />
  <Object
    Path="C:\Users\Szkolenie\Desktop\TK_Praktyki_2023\wizualizacja_teo\Logical\mappView\Resources\Media\SymbolLib\Localize\Germany.svg"
    LogicalPath="mappView.Resources.Media.SymbolLib.Localize.Germany.svg"
    Type="File"
    LastWriteTime="133340681690581215"
    Private="false" />
  <Object
    Path="C:\Users\Szkolenie\Desktop\TK_Praktyki_2023\wizualizacja_teo\Logical\mappView\Resources\Media\SymbolLib\Localize\GreatBritain.svg"
    LogicalPath="mappView.Resources.Media.SymbolLib.Localize.GreatBritain.svg"
    Type="File"
    LastWriteTime="133340681690581215"
    Private="false" />
  <Object
    Path="C:\Users\Szkolenie\Desktop\TK_Praktyki_2023\wizualizacja_teo\Logical\mappView\Resources\Media\SymbolLib\Localize\Italy.svg"
    LogicalPath="mappView.Resources.Media.SymbolLib.Localize.Italy.svg"
    Type="File"
    LastWriteTime="133340681690737427"
    Private="false" />
  <Object
    Path="C:\Users\Szkolenie\Desktop\TK_Praktyki_2023\wizualizacja_teo\Logical\mappView\Resources\Media\SymbolLib\Localize\Language.svg"
    LogicalPath="mappView.Resources.Media.SymbolLib.Localize.Language.svg"
    Type="File"
    LastWriteTime="133340681690737427"
    Private="false" />
  <Object
    Path="C:\Users\Szkolenie\Desktop\TK_Praktyki_2023\wizualizacja_teo\Logical\mappView\Resources\Media\SymbolLib\Localize\Portugal.svg"
    LogicalPath="mappView.Resources.Media.SymbolLib.Localize.Portugal.svg"
    Type="File"
    LastWriteTime="133340681690737427"
    Private="false" />
  <Object
    Path="C:\Users\Szkolenie\Desktop\TK_Praktyki_2023\wizualizacja_teo\Logical\mappView\Resources\Media\SymbolLib\Localize\Russia.svg"
    LogicalPath="mappView.Resources.Media.SymbolLib.Localize.Russia.svg"
    Type="File"
    LastWriteTime="133340681690737427"
    Private="false" />
  <Object
    Path="C:\Users\Szkolenie\Desktop\TK_Praktyki_2023\wizualizacja_teo\Logical\mappView\Resources\Media\SymbolLib\Localize\Spain.svg"
    LogicalPath="mappView.Resources.Media.SymbolLib.Localize.Spain.svg"
    Type="File"
    LastWriteTime="133340681690737427"
    Private="false" />
  <Object
    Path="C:\Users\Szkolenie\Desktop\TK_Praktyki_2023\wizualizacja_teo\Logical\mappView\Resources\Media\SymbolLib\Localize\UK.svg"
    LogicalPath="mappView.Resources.Media.SymbolLib.Localize.UK.svg"
    Type="File"
    LastWriteTime="133340681690737427"
    Private="false" />
  <Object
    Path="C:\Users\Szkolenie\Desktop\TK_Praktyki_2023\wizualizacja_teo\Logical\mappView\Resources\Media\SymbolLib\Localize\USA.svg"
    LogicalPath="mappView.Resources.Media.SymbolLib.Localize.USA.svg"
    Type="File"
    LastWriteTime="133340681690737427"
    Private="false" />
  <Object
    Path="C:\Users\Szkolenie\Desktop\TK_Praktyki_2023\wizualizacja_teo\Logical\mappView\Resources\Media\SymbolLib\Media\Package.pkg"
    LogicalPath="mappView.Resources.Media.SymbolLib.Media"
    Type="Package"
    LastWriteTime="133340681690737427" />
  <Object
    Path="C:\Users\Szkolenie\Desktop\TK_Praktyki_2023\wizualizacja_teo\Logical\mappView\Resources\Media\SymbolLib\Media\FastForward.svg"
    LogicalPath="mappView.Resources.Media.SymbolLib.Media.FastForward.svg"
    Type="File"
    LastWriteTime="133340681690737427"
    Private="false" />
  <Object
    Path="C:\Users\Szkolenie\Desktop\TK_Praktyki_2023\wizualizacja_teo\Logical\mappView\Resources\Media\SymbolLib\Media\FastForwardStop.svg"
    LogicalPath="mappView.Resources.Media.SymbolLib.Media.FastForwardStop.svg"
    Type="File"
    LastWriteTime="133340681690737427"
    Private="false" />
  <Object
    Path="C:\Users\Szkolenie\Desktop\TK_Praktyki_2023\wizualizacja_teo\Logical\mappView\Resources\Media\SymbolLib\Media\FastRewind.svg"
    LogicalPath="mappView.Resources.Media.SymbolLib.Media.FastRewind.svg"
    Type="File"
    LastWriteTime="133340681690737427"
    Private="false" />
  <Object
    Path="C:\Users\Szkolenie\Desktop\TK_Praktyki_2023\wizualizacja_teo\Logical\mappView\Resources\Media\SymbolLib\Media\FastRewindStop.svg"
    LogicalPath="mappView.Resources.Media.SymbolLib.Media.FastRewindStop.svg"
    Type="File"
    LastWriteTime="133340681690737427"
    Private="false" />
  <Object
    Path="C:\Users\Szkolenie\Desktop\TK_Praktyki_2023\wizualizacja_teo\Logical\mappView\Resources\Media\SymbolLib\Media\ForwardStop.svg"
    LogicalPath="mappView.Resources.Media.SymbolLib.Media.ForwardStop.svg"
    Type="File"
    LastWriteTime="133340681690737427"
    Private="false" />
  <Object
    Path="C:\Users\Szkolenie\Desktop\TK_Praktyki_2023\wizualizacja_teo\Logical\mappView\Resources\Media\SymbolLib\Media\Pause.svg"
    LogicalPath="mappView.Resources.Media.SymbolLib.Media.Pause.svg"
    Type="File"
    LastWriteTime="133340681690737427"
    Private="false" />
  <Object
    Path="C:\Users\Szkolenie\Desktop\TK_Praktyki_2023\wizualizacja_teo\Logical\mappView\Resources\Media\SymbolLib\Media\Play.svg"
    LogicalPath="mappView.Resources.Media.SymbolLib.Media.Play.svg"
    Type="File"
    LastWriteTime="133340681690737427"
    Private="false" />
  <Object
    Path="C:\Users\Szkolenie\Desktop\TK_Praktyki_2023\wizualizacja_teo\Logical\mappView\Resources\Media\SymbolLib\Media\RewindStop.svg"
    LogicalPath="mappView.Resources.Media.SymbolLib.Media.RewindStop.svg"
    Type="File"
    LastWriteTime="133340681690737427"
    Private="false" />
  <Object
    Path="C:\Users\Szkolenie\Desktop\TK_Praktyki_2023\wizualizacja_teo\Logical\mappView\Resources\Media\SymbolLib\Media\Stop.svg"
    LogicalPath="mappView.Resources.Media.SymbolLib.Media.Stop.svg"
    Type="File"
    LastWriteTime="133340681690737427"
    Private="false" />
  <Object
    Path="C:\Users\Szkolenie\Desktop\TK_Praktyki_2023\wizualizacja_teo\Logical\mappView\Resources\Media\SymbolLib\Media\Video.svg"
    LogicalPath="mappView.Resources.Media.SymbolLib.Media.Video.svg"
    Type="File"
    LastWriteTime="133340681690737427"
    Private="false" />
  <Object
    Path="C:\Users\Szkolenie\Desktop\TK_Praktyki_2023\wizualizacja_teo\Logical\mappView\Resources\Media\SymbolLib\Needle\Package.pkg"
    LogicalPath="mappView.Resources.Media.SymbolLib.Needle"
    Type="Package"
    LastWriteTime="133340681690893647" />
  <Object
    Path="C:\Users\Szkolenie\Desktop\TK_Praktyki_2023\wizualizacja_teo\Logical\mappView\Resources\Media\SymbolLib\Needle\Needle1long.svg"
    LogicalPath="mappView.Resources.Media.SymbolLib.Needle.Needle1long.svg"
    Type="File"
    LastWriteTime="133340681690893647"
    Private="false" />
  <Object
    Path="C:\Users\Szkolenie\Desktop\TK_Praktyki_2023\wizualizacja_teo\Logical\mappView\Resources\Media\SymbolLib\Needle\Needle1short.svg"
    LogicalPath="mappView.Resources.Media.SymbolLib.Needle.Needle1short.svg"
    Type="File"
    LastWriteTime="133340681690893647"
    Private="false" />
  <Object
    Path="C:\Users\Szkolenie\Desktop\TK_Praktyki_2023\wizualizacja_teo\Logical\mappView\Resources\Media\SymbolLib\Needle\Needle2long.svg"
    LogicalPath="mappView.Resources.Media.SymbolLib.Needle.Needle2long.svg"
    Type="File"
    LastWriteTime="133340681690893647"
    Private="false" />
  <Object
    Path="C:\Users\Szkolenie\Desktop\TK_Praktyki_2023\wizualizacja_teo\Logical\mappView\Resources\Media\SymbolLib\Needle\Needle2short.svg"
    LogicalPath="mappView.Resources.Media.SymbolLib.Needle.Needle2short.svg"
    Type="File"
    LastWriteTime="133340681690893647"
    Private="false" />
  <Object
    Path="C:\Users\Szkolenie\Desktop\TK_Praktyki_2023\wizualizacja_teo\Logical\mappView\Resources\Media\SymbolLib\Needle\Needle3long.svg"
    LogicalPath="mappView.Resources.Media.SymbolLib.Needle.Needle3long.svg"
    Type="File"
    LastWriteTime="133340681690893647"
    Private="false" />
  <Object
    Path="C:\Users\Szkolenie\Desktop\TK_Praktyki_2023\wizualizacja_teo\Logical\mappView\Resources\Media\SymbolLib\Needle\Needle3short.svg"
    LogicalPath="mappView.Resources.Media.SymbolLib.Needle.Needle3short.svg"
    Type="File"
    LastWriteTime="133340681690893647"
    Private="false" />
  <Object
    Path="C:\Users\Szkolenie\Desktop\TK_Praktyki_2023\wizualizacja_teo\Logical\mappView\Resources\Media\SymbolLib\Needle\Needle4long.svg"
    LogicalPath="mappView.Resources.Media.SymbolLib.Needle.Needle4long.svg"
    Type="File"
    LastWriteTime="133340681690893647"
    Private="false" />
  <Object
    Path="C:\Users\Szkolenie\Desktop\TK_Praktyki_2023\wizualizacja_teo\Logical\mappView\Resources\Media\SymbolLib\Needle\Needle4short.svg"
    LogicalPath="mappView.Resources.Media.SymbolLib.Needle.Needle4short.svg"
    Type="File"
    LastWriteTime="133340681690893647"
    Private="false" />
  <Object
    Path="C:\Users\Szkolenie\Desktop\TK_Praktyki_2023\wizualizacja_teo\Logical\mappView\Resources\Media\SymbolLib\Symbols\Package.pkg"
    LogicalPath="mappView.Resources.Media.SymbolLib.Symbols"
    Type="Package"
    LastWriteTime="133340681691049851" />
  <Object
    Path="C:\Users\Szkolenie\Desktop\TK_Praktyki_2023\wizualizacja_teo\Logical\mappView\Resources\Media\SymbolLib\Symbols\Accept.svg"
    LogicalPath="mappView.Resources.Media.SymbolLib.Symbols.Accept.svg"
    Type="File"
    LastWriteTime="133340681690893647"
    Private="false" />
  <Object
    Path="C:\Users\Szkolenie\Desktop\TK_Praktyki_2023\wizualizacja_teo\Logical\mappView\Resources\Media\SymbolLib\Symbols\Button.svg"
    LogicalPath="mappView.Resources.Media.SymbolLib.Symbols.Button.svg"
    Type="File"
    LastWriteTime="133340681690893647"
    Private="false" />
  <Object
    Path="C:\Users\Szkolenie\Desktop\TK_Praktyki_2023\wizualizacja_teo\Logical\mappView\Resources\Media\SymbolLib\Symbols\Conveyor.svg"
    LogicalPath="mappView.Resources.Media.SymbolLib.Symbols.Conveyor.svg"
    Type="File"
    LastWriteTime="133340681690893647"
    Private="false" />
  <Object
    Path="C:\Users\Szkolenie\Desktop\TK_Praktyki_2023\wizualizacja_teo\Logical\mappView\Resources\Media\SymbolLib\Symbols\Download.svg"
    LogicalPath="mappView.Resources.Media.SymbolLib.Symbols.Download.svg"
    Type="File"
    LastWriteTime="133340681690893647"
    Private="false" />
  <Object
    Path="C:\Users\Szkolenie\Desktop\TK_Praktyki_2023\wizualizacja_teo\Logical\mappView\Resources\Media\SymbolLib\Symbols\Energy.svg"
    LogicalPath="mappView.Resources.Media.SymbolLib.Symbols.Energy.svg"
    Type="File"
    LastWriteTime="133340681690893647"
    Private="false" />
  <Object
    Path="C:\Users\Szkolenie\Desktop\TK_Praktyki_2023\wizualizacja_teo\Logical\mappView\Resources\Media\SymbolLib\Symbols\Engine.svg"
    LogicalPath="mappView.Resources.Media.SymbolLib.Symbols.Engine.svg"
    Type="File"
    LastWriteTime="133340681690893647"
    Private="false" />
  <Object
    Path="C:\Users\Szkolenie\Desktop\TK_Praktyki_2023\wizualizacja_teo\Logical\mappView\Resources\Media\SymbolLib\Symbols\EngineMove.svg"
    LogicalPath="mappView.Resources.Media.SymbolLib.Symbols.EngineMove.svg"
    Type="File"
    LastWriteTime="133340681690893647"
    Private="false" />
  <Object
    Path="C:\Users\Szkolenie\Desktop\TK_Praktyki_2023\wizualizacja_teo\Logical\mappView\Resources\Media\SymbolLib\Symbols\EngineReference.svg"
    LogicalPath="mappView.Resources.Media.SymbolLib.Symbols.EngineReference.svg"
    Type="File"
    LastWriteTime="133340681690893647"
    Private="false" />
  <Object
    Path="C:\Users\Szkolenie\Desktop\TK_Praktyki_2023\wizualizacja_teo\Logical\mappView\Resources\Media\SymbolLib\Symbols\Graph.svg"
    LogicalPath="mappView.Resources.Media.SymbolLib.Symbols.Graph.svg"
    Type="File"
    LastWriteTime="133340681690893647"
    Private="false" />
  <Object
    Path="C:\Users\Szkolenie\Desktop\TK_Praktyki_2023\wizualizacja_teo\Logical\mappView\Resources\Media\SymbolLib\Symbols\Hide.svg"
    LogicalPath="mappView.Resources.Media.SymbolLib.Symbols.Hide.svg"
    Type="File"
    LastWriteTime="133340681690893647"
    Private="false" />
  <Object
    Path="C:\Users\Szkolenie\Desktop\TK_Praktyki_2023\wizualizacja_teo\Logical\mappView\Resources\Media\SymbolLib\Symbols\Home.svg"
    LogicalPath="mappView.Resources.Media.SymbolLib.Symbols.Home.svg"
    Type="File"
    LastWriteTime="133340681690893647"
    Private="false" />
  <Object
    Path="C:\Users\Szkolenie\Desktop\TK_Praktyki_2023\wizualizacja_teo\Logical\mappView\Resources\Media\SymbolLib\Symbols\InProgress.svg"
    LogicalPath="mappView.Resources.Media.SymbolLib.Symbols.InProgress.svg"
    Type="File"
    LastWriteTime="133340681690893647"
    Private="false" />
  <Object
    Path="C:\Users\Szkolenie\Desktop\TK_Praktyki_2023\wizualizacja_teo\Logical\mappView\Resources\Media\SymbolLib\Symbols\Mail.svg"
    LogicalPath="mappView.Resources.Media.SymbolLib.Symbols.Mail.svg"
    Type="File"
    LastWriteTime="133340681690893647"
    Private="false" />
  <Object
    Path="C:\Users\Szkolenie\Desktop\TK_Praktyki_2023\wizualizacja_teo\Logical\mappView\Resources\Media\SymbolLib\Symbols\Max.svg"
    LogicalPath="mappView.Resources.Media.SymbolLib.Symbols.Max.svg"
    Type="File"
    LastWriteTime="133340681690893647"
    Private="false" />
  <Object
    Path="C:\Users\Szkolenie\Desktop\TK_Praktyki_2023\wizualizacja_teo\Logical\mappView\Resources\Media\SymbolLib\Symbols\Min.svg"
    LogicalPath="mappView.Resources.Media.SymbolLib.Symbols.Min.svg"
    Type="File"
    LastWriteTime="133340681690893647"
    Private="false" />
  <Object
    Path="C:\Users\Szkolenie\Desktop\TK_Praktyki_2023\wizualizacja_teo\Logical\mappView\Resources\Media\SymbolLib\Symbols\Mode.svg"
    LogicalPath="mappView.Resources.Media.SymbolLib.Symbols.Mode.svg"
    Type="File"
    LastWriteTime="133340681690893647"
    Private="false" />
  <Object
    Path="C:\Users\Szkolenie\Desktop\TK_Praktyki_2023\wizualizacja_teo\Logical\mappView\Resources\Media\SymbolLib\Symbols\Off.svg"
    LogicalPath="mappView.Resources.Media.SymbolLib.Symbols.Off.svg"
    Type="File"
    LastWriteTime="133340681691049851"
    Private="false" />
  <Object
    Path="C:\Users\Szkolenie\Desktop\TK_Praktyki_2023\wizualizacja_teo\Logical\mappView\Resources\Media\SymbolLib\Symbols\On.svg"
    LogicalPath="mappView.Resources.Media.SymbolLib.Symbols.On.svg"
    Type="File"
    LastWriteTime="133340681691049851"
    Private="false" />
  <Object
    Path="C:\Users\Szkolenie\Desktop\TK_Praktyki_2023\wizualizacja_teo\Logical\mappView\Resources\Media\SymbolLib\Symbols\PDF.svg"
    LogicalPath="mappView.Resources.Media.SymbolLib.Symbols.PDF.svg"
    Type="File"
    LastWriteTime="133340681691049851"
    Private="false" />
  <Object
    Path="C:\Users\Szkolenie\Desktop\TK_Praktyki_2023\wizualizacja_teo\Logical\mappView\Resources\Media\SymbolLib\Symbols\Remote1.svg"
    LogicalPath="mappView.Resources.Media.SymbolLib.Symbols.Remote1.svg"
    Type="File"
    LastWriteTime="133340681691049851"
    Private="false" />
  <Object
    Path="C:\Users\Szkolenie\Desktop\TK_Praktyki_2023\wizualizacja_teo\Logical\mappView\Resources\Media\SymbolLib\Symbols\Remote2.svg"
    LogicalPath="mappView.Resources.Media.SymbolLib.Symbols.Remote2.svg"
    Type="File"
    LastWriteTime="133340681691049851"
    Private="false" />
  <Object
    Path="C:\Users\Szkolenie\Desktop\TK_Praktyki_2023\wizualizacja_teo\Logical\mappView\Resources\Media\SymbolLib\Symbols\Remote3.svg"
    LogicalPath="mappView.Resources.Media.SymbolLib.Symbols.Remote3.svg"
    Type="File"
    LastWriteTime="133340681691049851"
    Private="false" />
  <Object
    Path="C:\Users\Szkolenie\Desktop\TK_Praktyki_2023\wizualizacja_teo\Logical\mappView\Resources\Media\SymbolLib\Symbols\Remote4.svg"
    LogicalPath="mappView.Resources.Media.SymbolLib.Symbols.Remote4.svg"
    Type="File"
    LastWriteTime="133340681691049851"
    Private="false" />
  <Object
    Path="C:\Users\Szkolenie\Desktop\TK_Praktyki_2023\wizualizacja_teo\Logical\mappView\Resources\Media\SymbolLib\Symbols\Reset.svg"
    LogicalPath="mappView.Resources.Media.SymbolLib.Symbols.Reset.svg"
    Type="File"
    LastWriteTime="133340681691049851"
    Private="false" />
  <Object
    Path="C:\Users\Szkolenie\Desktop\TK_Praktyki_2023\wizualizacja_teo\Logical\mappView\Resources\Media\SymbolLib\Symbols\Restart.svg"
    LogicalPath="mappView.Resources.Media.SymbolLib.Symbols.Restart.svg"
    Type="File"
    LastWriteTime="133340681691049851"
    Private="false" />
  <Object
    Path="C:\Users\Szkolenie\Desktop\TK_Praktyki_2023\wizualizacja_teo\Logical\mappView\Resources\Media\SymbolLib\Symbols\Robot.svg"
    LogicalPath="mappView.Resources.Media.SymbolLib.Symbols.Robot.svg"
    Type="File"
    LastWriteTime="133340681691049851"
    Private="false" />
  <Object
    Path="C:\Users\Szkolenie\Desktop\TK_Praktyki_2023\wizualizacja_teo\Logical\mappView\Resources\Media\SymbolLib\Symbols\Safety.svg"
    LogicalPath="mappView.Resources.Media.SymbolLib.Symbols.Safety.svg"
    Type="File"
    LastWriteTime="133340681691049851"
    Private="false" />
  <Object
    Path="C:\Users\Szkolenie\Desktop\TK_Praktyki_2023\wizualizacja_teo\Logical\mappView\Resources\Media\SymbolLib\Symbols\Server.svg"
    LogicalPath="mappView.Resources.Media.SymbolLib.Symbols.Server.svg"
    Type="File"
    LastWriteTime="133340681691049851"
    Private="false" />
  <Object
    Path="C:\Users\Szkolenie\Desktop\TK_Praktyki_2023\wizualizacja_teo\Logical\mappView\Resources\Media\SymbolLib\Symbols\Service.svg"
    LogicalPath="mappView.Resources.Media.SymbolLib.Symbols.Service.svg"
    Type="File"
    LastWriteTime="133340681691049851"
    Private="false" />
  <Object
    Path="C:\Users\Szkolenie\Desktop\TK_Praktyki_2023\wizualizacja_teo\Logical\mappView\Resources\Media\SymbolLib\Symbols\Settings.svg"
    LogicalPath="mappView.Resources.Media.SymbolLib.Symbols.Settings.svg"
    Type="File"
    LastWriteTime="133340681691049851"
    Private="false" />
  <Object
    Path="C:\Users\Szkolenie\Desktop\TK_Praktyki_2023\wizualizacja_teo\Logical\mappView\Resources\Media\SymbolLib\Symbols\Slider_Symbol.svg"
    LogicalPath="mappView.Resources.Media.SymbolLib.Symbols.Slider_Symbol.svg"
    Type="File"
    LastWriteTime="133340681691049851"
    Private="false" />
  <Object
    Path="C:\Users\Szkolenie\Desktop\TK_Praktyki_2023\wizualizacja_teo\Logical\mappView\Resources\Media\SymbolLib\Symbols\Start.svg"
    LogicalPath="mappView.Resources.Media.SymbolLib.Symbols.Start.svg"
    Type="File"
    LastWriteTime="133340681691049851"
    Private="false" />
  <Object
    Path="C:\Users\Szkolenie\Desktop\TK_Praktyki_2023\wizualizacja_teo\Logical\mappView\Resources\Media\SymbolLib\Symbols\Stop.svg"
    LogicalPath="mappView.Resources.Media.SymbolLib.Symbols.Stop.svg"
    Type="File"
    LastWriteTime="133340681691049851"
    Private="false" />
  <Object
    Path="C:\Users\Szkolenie\Desktop\TK_Praktyki_2023\wizualizacja_teo\Logical\mappView\Resources\Media\SymbolLib\Symbols\SystemSettings.svg"
    LogicalPath="mappView.Resources.Media.SymbolLib.Symbols.SystemSettings.svg"
    Type="File"
    LastWriteTime="133340681691049851"
    Private="false" />
  <Object
    Path="C:\Users\Szkolenie\Desktop\TK_Praktyki_2023\wizualizacja_teo\Logical\mappView\Resources\Media\SymbolLib\Symbols\Temperature.svg"
    LogicalPath="mappView.Resources.Media.SymbolLib.Symbols.Temperature.svg"
    Type="File"
    LastWriteTime="133340681691049851"
    Private="false" />
  <Object
    Path="C:\Users\Szkolenie\Desktop\TK_Praktyki_2023\wizualizacja_teo\Logical\mappView\Resources\Media\SymbolLib\Symbols\Tool.svg"
    LogicalPath="mappView.Resources.Media.SymbolLib.Symbols.Tool.svg"
    Type="File"
    LastWriteTime="133340681691049851"
    Private="false" />
  <Object
    Path="C:\Users\Szkolenie\Desktop\TK_Praktyki_2023\wizualizacja_teo\Logical\mappView\Resources\Media\SymbolLib\Symbols\TouchMe.svg"
    LogicalPath="mappView.Resources.Media.SymbolLib.Symbols.TouchMe.svg"
    Type="File"
    LastWriteTime="133340681691049851"
    Private="false" />
  <Object
    Path="C:\Users\Szkolenie\Desktop\TK_Praktyki_2023\wizualizacja_teo\Logical\mappView\Resources\Media\SymbolLib\Symbols\UnHide.svg"
    LogicalPath="mappView.Resources.Media.SymbolLib.Symbols.UnHide.svg"
    Type="File"
    LastWriteTime="133340681691049851"
    Private="false" />
  <Object
    Path="C:\Users\Szkolenie\Desktop\TK_Praktyki_2023\wizualizacja_teo\Logical\mappView\Resources\Media\SymbolLib\Symbols\Upload.svg"
    LogicalPath="mappView.Resources.Media.SymbolLib.Symbols.Upload.svg"
    Type="File"
    LastWriteTime="133340681691049851"
    Private="false" />
  <Object
    Path="C:\Users\Szkolenie\Desktop\TK_Praktyki_2023\wizualizacja_teo\Logical\mappView\Resources\Media\SymbolLib\Symbols\USB.svg"
    LogicalPath="mappView.Resources.Media.SymbolLib.Symbols.USB.svg"
    Type="File"
    LastWriteTime="133340681691049851"
    Private="false" />
  <Object
    Path="C:\Users\Szkolenie\Desktop\TK_Praktyki_2023\wizualizacja_teo\Logical\mappView\Resources\Media\SymbolLib\Symbols\Wait.svg"
    LogicalPath="mappView.Resources.Media.SymbolLib.Symbols.Wait.svg"
    Type="File"
    LastWriteTime="133340681691049851"
    Private="false" />
  <Object
    Path="C:\Users\Szkolenie\Desktop\TK_Praktyki_2023\wizualizacja_teo\Logical\mappView\Resources\Media\SymbolLib\Symbols\Webcam.svg"
    LogicalPath="mappView.Resources.Media.SymbolLib.Symbols.Webcam.svg"
    Type="File"
    LastWriteTime="133340681691049851"
    Private="false" />
  <Object
    Path="C:\Users\Szkolenie\Desktop\TK_Praktyki_2023\wizualizacja_teo\Logical\mappView\Resources\Media\SymbolLib\User\Package.pkg"
    LogicalPath="mappView.Resources.Media.SymbolLib.User"
    Type="Package"
    LastWriteTime="133340681691206068" />
  <Object
    Path="C:\Users\Szkolenie\Desktop\TK_Praktyki_2023\wizualizacja_teo\Logical\mappView\Resources\Media\SymbolLib\User\AddUser.svg"
    LogicalPath="mappView.Resources.Media.SymbolLib.User.AddUser.svg"
    Type="File"
    LastWriteTime="133340681691049851"
    Private="false" />
  <Object
    Path="C:\Users\Szkolenie\Desktop\TK_Praktyki_2023\wizualizacja_teo\Logical\mappView\Resources\Media\SymbolLib\User\DeleteUser.svg"
    LogicalPath="mappView.Resources.Media.SymbolLib.User.DeleteUser.svg"
    Type="File"
    LastWriteTime="133340681691049851"
    Private="false" />
  <Object
    Path="C:\Users\Szkolenie\Desktop\TK_Praktyki_2023\wizualizacja_teo\Logical\mappView\Resources\Media\SymbolLib\User\Lock.svg"
    LogicalPath="mappView.Resources.Media.SymbolLib.User.Lock.svg"
    Type="File"
    LastWriteTime="133340681691206068"
    Private="false" />
  <Object
    Path="C:\Users\Szkolenie\Desktop\TK_Praktyki_2023\wizualizacja_teo\Logical\mappView\Resources\Media\SymbolLib\User\Login.svg"
    LogicalPath="mappView.Resources.Media.SymbolLib.User.Login.svg"
    Type="File"
    LastWriteTime="133340681691206068"
    Private="false" />
  <Object
    Path="C:\Users\Szkolenie\Desktop\TK_Praktyki_2023\wizualizacja_teo\Logical\mappView\Resources\Media\SymbolLib\User\Logout.svg"
    LogicalPath="mappView.Resources.Media.SymbolLib.User.Logout.svg"
    Type="File"
    LastWriteTime="133340681691206068"
    Private="false" />
  <Object
    Path="C:\Users\Szkolenie\Desktop\TK_Praktyki_2023\wizualizacja_teo\Logical\mappView\Resources\Media\SymbolLib\User\NoAccessRights.svg"
    LogicalPath="mappView.Resources.Media.SymbolLib.User.NoAccessRights.svg"
    Type="File"
    LastWriteTime="133340681691206068"
    Private="false" />
  <Object
    Path="C:\Users\Szkolenie\Desktop\TK_Praktyki_2023\wizualizacja_teo\Logical\mappView\Resources\Media\SymbolLib\User\Unlock.svg"
    LogicalPath="mappView.Resources.Media.SymbolLib.User.Unlock.svg"
    Type="File"
    LastWriteTime="133340681691206068"
    Private="false" />
  <Object
    Path="C:\Users\Szkolenie\Desktop\TK_Praktyki_2023\wizualizacja_teo\Logical\mappView\Resources\Media\SymbolLib\User\User.svg"
    LogicalPath="mappView.Resources.Media.SymbolLib.User.User.svg"
    Type="File"
    LastWriteTime="133340681691206068"
    Private="false" />
  <Object
    Path="C:\Users\Szkolenie\Desktop\TK_Praktyki_2023\wizualizacja_teo\Logical\mappView\Resources\Media\SymbolLib\User\UserGroup.svg"
    LogicalPath="mappView.Resources.Media.SymbolLib.User.UserGroup.svg"
    Type="File"
    LastWriteTime="133340681691206068"
    Private="false" />
  <Object
    Path="C:\Users\Szkolenie\Desktop\TK_Praktyki_2023\wizualizacja_teo\Logical\mappView\Resources\Media\SymbolLib\br_logo.jpg"
    LogicalPath="mappView.Resources.Media.SymbolLib.br_logo.jpg"
    Type="File"
    LastWriteTime="133340681691206068"
    Private="false" />
  <Object
    Path="C:\Users\Szkolenie\Desktop\TK_Praktyki_2023\wizualizacja_teo\Logical\mappView\Resources\Media\SymbolLib\logo_br_orange.png"
    LogicalPath="mappView.Resources.Media.SymbolLib.logo_br_orange.png"
    Type="File"
    LastWriteTime="133340681691206068"
    Private="false" />
  <Object
    Path="C:\Users\Szkolenie\Desktop\TK_Praktyki_2023\wizualizacja_teo\Logical\mappView\Visualization\Package.pkg"
    LogicalPath="mappView.Visualization"
    Type="Package"
    LastWriteTime="133340562817841681" />
  <Object
    Path="C:\Users\Szkolenie\Desktop\TK_Praktyki_2023\wizualizacja_teo\Logical\mappView\Visualization\Pages\Package.pkg"
    LogicalPath="mappView.Visualization.Pages"
    Type="Package"
    LastWriteTime="133340562817841681" />
  <Object
    Path="C:\Users\Szkolenie\Desktop\TK_Praktyki_2023\wizualizacja_teo\Logical\mappView\Visualization\Pages\AreaContents\Package.pkg"
    LogicalPath="mappView.Visualization.Pages.AreaContents"
    Type="Package"
    LastWriteTime="133340562817841681" />
  <Object
    Path="C:\Users\Szkolenie\Desktop\TK_Praktyki_2023\wizualizacja_teo\Logical\mappView\Visualization\Pages\AreaContents\ContentTop.content"
    LogicalPath="mappView.Visualization.Pages.AreaContents.ContentTop.content"
    Type="File"
    LastWriteTime="133341524820219636"
    Private="false" />
  <Object
    Path="C:\Users\Szkolenie\Desktop\TK_Praktyki_2023\wizualizacja_teo\Logical\mappView\Visualization\Pages\AreaContents\ContentLeft.content"
    LogicalPath="mappView.Visualization.Pages.AreaContents.ContentLeft.content"
    Type="File"
    LastWriteTime="133341524350836693"
    Private="false" />
  <Object
    Path="C:\Users\Szkolenie\Desktop\TK_Praktyki_2023\wizualizacja_teo\Logical\mappView\Visualization\Pages\PageAuto\Package.pkg"
    LogicalPath="mappView.Visualization.Pages.PageAuto"
    Type="Package"
    LastWriteTime="133340562817841681" />
  <Object
    Path="C:\Users\Szkolenie\Desktop\TK_Praktyki_2023\wizualizacja_teo\Logical\mappView\Visualization\Pages\PageAuto\PageAuto.page"
    LogicalPath="mappView.Visualization.Pages.PageAuto.PageAuto.page"
    Type="File"
    LastWriteTime="133340562817841681"
    Private="false" />
  <Object
    Path="C:\Users\Szkolenie\Desktop\TK_Praktyki_2023\wizualizacja_teo\Logical\mappView\Visualization\Pages\PageAuto\ContentAuto.content"
    LogicalPath="mappView.Visualization.Pages.PageAuto.ContentAuto.content"
    Type="File"
    LastWriteTime="133340669149053623"
    Private="false" />
  <Object
    Path="C:\Users\Szkolenie\Desktop\TK_Praktyki_2023\wizualizacja_teo\Logical\mappView\Visualization\Pages\PageManual\Package.pkg"
    LogicalPath="mappView.Visualization.Pages.PageManual"
    Type="Package"
    LastWriteTime="133340562817997881" />
  <Object
    Path="C:\Users\Szkolenie\Desktop\TK_Praktyki_2023\wizualizacja_teo\Logical\mappView\Visualization\Pages\PageManual\PageManual.page"
    LogicalPath="mappView.Visualization.Pages.PageManual.PageManual.page"
    Type="File"
    LastWriteTime="133340562817997881"
    Private="false" />
  <Object
    Path="C:\Users\Szkolenie\Desktop\TK_Praktyki_2023\wizualizacja_teo\Logical\mappView\Visualization\Pages\PageManual\ContentManual.content"
    LogicalPath="mappView.Visualization.Pages.PageManual.ContentManual.content"
    Type="File"
    LastWriteTime="133340669041938035"
    Private="false" />
  <Object
    Path="C:\Users\Szkolenie\Desktop\TK_Praktyki_2023\wizualizacja_teo\Logical\mappView\Visualization\Pages\PageParameters\Package.pkg"
    LogicalPath="mappView.Visualization.Pages.PageParameters"
    Type="Package"
    LastWriteTime="133340562817997881" />
  <Object
    Path="C:\Users\Szkolenie\Desktop\TK_Praktyki_2023\wizualizacja_teo\Logical\mappView\Visualization\Pages\PageParameters\PageParameter.page"
    LogicalPath="mappView.Visualization.Pages.PageParameters.PageParameter.page"
    Type="File"
    LastWriteTime="133340565754608999"
    Private="false" />
  <Object
    Path="C:\Users\Szkolenie\Desktop\TK_Praktyki_2023\wizualizacja_teo\Logical\mappView\Visualization\Pages\PageParameters\ContentParameters.content"
    LogicalPath="mappView.Visualization.Pages.PageParameters.ContentParameters.content"
    Type="File"
    LastWriteTime="133340668925011292"
    Private="false" />
  <Object
    Path="C:\Users\Szkolenie\Desktop\TK_Praktyki_2023\wizualizacja_teo\Logical\mappView\Visualization\Pages\PageServices\Package.pkg"
    LogicalPath="mappView.Visualization.Pages.PageServices"
    Type="Package"
    LastWriteTime="133340562817997881" />
  <Object
    Path="C:\Users\Szkolenie\Desktop\TK_Praktyki_2023\wizualizacja_teo\Logical\mappView\Visualization\Pages\PageServices\PageServices.page"
    LogicalPath="mappView.Visualization.Pages.PageServices.PageServices.page"
    Type="File"
    LastWriteTime="133340566390964477"
    Private="false" />
  <Object
    Path="C:\Users\Szkolenie\Desktop\TK_Praktyki_2023\wizualizacja_teo\Logical\mappView\Visualization\Pages\PageServices\ContentServices.content"
    LogicalPath="mappView.Visualization.Pages.PageServices.ContentServices.content"
    Type="File"
    LastWriteTime="133340668791661408"
    Private="false" />
  <Object
    Path="C:\Users\Szkolenie\Desktop\TK_Praktyki_2023\wizualizacja_teo\Logical\mappView\Visualization\Pages\PageAlarms\Package.pkg"
    LogicalPath="mappView.Visualization.Pages.PageAlarms"
    Type="Package"
    LastWriteTime="133340562817841681" />
  <Object
    Path="C:\Users\Szkolenie\Desktop\TK_Praktyki_2023\wizualizacja_teo\Logical\mappView\Visualization\Pages\PageAlarms\PageAlarms.page"
    LogicalPath="mappView.Visualization.Pages.PageAlarms.PageAlarms.page"
    Type="File"
    LastWriteTime="133340566609648997"
    Private="false" />
  <Object
    Path="C:\Users\Szkolenie\Desktop\TK_Praktyki_2023\wizualizacja_teo\Logical\mappView\Visualization\Pages\PageAlarms\ContentAlarms.content"
    LogicalPath="mappView.Visualization.Pages.PageAlarms.ContentAlarms.content"
    Type="File"
    LastWriteTime="133340668061453940"
    Private="false" />
  <Object
    Path="C:\Users\Szkolenie\Desktop\TK_Praktyki_2023\wizualizacja_teo\Logical\mappView\Visualization\Pages\PageCharts\Package.pkg"
    LogicalPath="mappView.Visualization.Pages.PageCharts"
    Type="Package"
    LastWriteTime="133340562817841681" />
  <Object
    Path="C:\Users\Szkolenie\Desktop\TK_Praktyki_2023\wizualizacja_teo\Logical\mappView\Visualization\Pages\PageCharts\PageCharts.page"
    LogicalPath="mappView.Visualization.Pages.PageCharts.PageCharts.page"
    Type="File"
    LastWriteTime="133340567254782741"
    Private="false" />
  <Object
    Path="C:\Users\Szkolenie\Desktop\TK_Praktyki_2023\wizualizacja_teo\Logical\mappView\Visualization\Pages\PageCharts\ContentCharts.content"
    LogicalPath="mappView.Visualization.Pages.PageCharts.ContentCharts.content"
    Type="File"
    LastWriteTime="133340668613067053"
    Private="false" />
  <Object
    Path="C:\Users\Szkolenie\Desktop\TK_Praktyki_2023\wizualizacja_teo\Logical\mappView\Visualization\Pages\PageDiagnostics\Package.pkg"
    LogicalPath="mappView.Visualization.Pages.PageDiagnostics"
    Type="Package"
    LastWriteTime="133340562817841681" />
  <Object
    Path="C:\Users\Szkolenie\Desktop\TK_Praktyki_2023\wizualizacja_teo\Logical\mappView\Visualization\Pages\PageDiagnostics\PageDiagnostics.page"
    LogicalPath="mappView.Visualization.Pages.PageDiagnostics.PageDiagnostics.page"
    Type="File"
    LastWriteTime="133340567479749716"
    Private="false" />
  <Object
    Path="C:\Users\Szkolenie\Desktop\TK_Praktyki_2023\wizualizacja_teo\Logical\mappView\Visualization\Pages\PageDiagnostics\ContentDiagnostics.content"
    LogicalPath="mappView.Visualization.Pages.PageDiagnostics.ContentDiagnostics.content"
    Type="File"
    LastWriteTime="133341462733859268"
    Private="false" />
  <Object
    Path="C:\Users\Szkolenie\Desktop\TK_Praktyki_2023\wizualizacja_teo\Logical\mappView\Visualization\Variables\Package.pkg"
    LogicalPath="mappView.Visualization.Variables"
    Type="Package"
    LastWriteTime="133340562817997881" />
  <Object
    Path="C:\Users\Szkolenie\Desktop\TK_Praktyki_2023\wizualizacja_teo\Logical\mappView\Visualization\Expressions\Package.pkg"
    LogicalPath="mappView.Visualization.Expressions"
    Type="Package"
    LastWriteTime="133340562817841681" />
  <Object
    Path="C:\Users\Szkolenie\Desktop\TK_Praktyki_2023\wizualizacja_teo\Logical\mappView\Visualization\Layouts\Package.pkg"
    LogicalPath="mappView.Visualization.Layouts"
    Type="Package"
    LastWriteTime="133340681691206068" />
  <Object
    Path="C:\Users\Szkolenie\Desktop\TK_Praktyki_2023\wizualizacja_teo\Logical\mappView\Visualization\Layouts\LayoutMessageBoxLogin.layout"
    LogicalPath="mappView.Visualization.Layouts.LayoutMessageBoxLogin.layout"
    Type="File"
    LastWriteTime="133340701981090154"
    Private="false" />
  <Object
    Path="C:\Users\Szkolenie\Desktop\TK_Praktyki_2023\wizualizacja_teo\Logical\mappView\Visualization\Dialogs\Package.pkg"
    LogicalPath="mappView.Visualization.Dialogs"
    Type="Package"
    LastWriteTime="133340747304935506" />
  <Object
    Path="C:\Users\Szkolenie\Desktop\TK_Praktyki_2023\wizualizacja_teo\Logical\mappView\Visualization\Dialogs\AreaContents\Package.pkg"
    LogicalPath="mappView.Visualization.Dialogs.AreaContents"
    Type="Package"
    LastWriteTime="133340747304925534" />
  <Object
    Path="C:\Users\Szkolenie\Desktop\TK_Praktyki_2023\wizualizacja_teo\Logical\mappView\Visualization\Dialogs\AreaContents\ContentMessageBoxLogin.content"
    LogicalPath="mappView.Visualization.Dialogs.AreaContents.ContentMessageBoxLogin.content"
    Type="File"
    LastWriteTime="133340747304925534"
    Private="false" />
  <Object
    Path="C:\Users\Szkolenie\Desktop\TK_Praktyki_2023\wizualizacja_teo\Logical\mappView\Visualization\Dialogs\DialogAlarmHistory\Package.pkg"
    LogicalPath="mappView.Visualization.Dialogs.DialogAlarmHistory"
    Type="Package"
    LastWriteTime="133340610761322811" />
  <Object
    Path="C:\Users\Szkolenie\Desktop\TK_Praktyki_2023\wizualizacja_teo\Logical\mappView\Visualization\Dialogs\DialogAlarmHistory\DialogAlarmHistory.dialog"
    LogicalPath="mappView.Visualization.Dialogs.DialogAlarmHistory.DialogAlarmHistory.dialog"
    Type="File"
    LastWriteTime="133340616502531214"
    Private="false" />
  <Object
    Path="C:\Users\Szkolenie\Desktop\TK_Praktyki_2023\wizualizacja_teo\Logical\mappView\Visualization\Dialogs\DialogAlarmHistory\ContentAlarmHistory.content"
    LogicalPath="mappView.Visualization.Dialogs.DialogAlarmHistory.ContentAlarmHistory.content"
    Type="File"
    LastWriteTime="133341467481705423"
    Private="false" />
  <Object
    Path="C:\Users\Szkolenie\Desktop\TK_Praktyki_2023\wizualizacja_teo\Logical\mappView\Visualization\Dialogs\Dialog\Package.pkg"
    LogicalPath="mappView.Visualization.Dialogs.Dialog"
    Type="Package"
    LastWriteTime="133340681691206068" />
  <Object
    Path="C:\Users\Szkolenie\Desktop\TK_Praktyki_2023\wizualizacja_teo\Logical\mappView\Visualization\Dialogs\Dialog\DialogMessageBoxLogin.dialog"
    LogicalPath="mappView.Visualization.Dialogs.Dialog.DialogMessageBoxLogin.dialog"
    Type="File"
    LastWriteTime="133340681691206068"
    Private="false" />
  <Object
    Path="C:\Users\Szkolenie\Desktop\TK_Praktyki_2023\wizualizacja_teo\Logical\mappView\Visualization\Resources\Package.pkg"
    LogicalPath="mappView.Visualization.Resources"
    Type="Package"
    LastWriteTime="133340562817997881" />
  <Object
    Path="C:\Users\Szkolenie\Desktop\TK_Praktyki_2023\wizualizacja_teo\Logical\mappView\Visualization\Resources\Texts\Package.pkg"
    LogicalPath="mappView.Visualization.Resources.Texts"
    Type="Package"
    LastWriteTime="133340562817997881" />
  <Object
    Path="C:\Users\Szkolenie\Desktop\TK_Praktyki_2023\wizualizacja_teo\Logical\mappView\Visualization\Resources\Snippets\Package.pkg"
    LogicalPath="mappView.Visualization.Resources.Snippets"
    Type="Package"
    LastWriteTime="133340562817997881" />
  <Object
    Path="C:\Users\Szkolenie\Desktop\TK_Praktyki_2023\wizualizacja_teo\Logical\Program\IEC.prg"
    LogicalPath="Program"
    Type="Program"
    LastWriteTime="133340562817685474" />
  <Object
    Path="C:\Users\Szkolenie\Desktop\TK_Praktyki_2023\wizualizacja_teo\Logical\Program\Main.st"
    LogicalPath="Program.Main.st"
    Type="File"
    LastWriteTime="133340562817685474"
    Private="false" />
  <Object
    Path="C:\Users\Szkolenie\Desktop\TK_Praktyki_2023\wizualizacja_teo\Logical\Program\Types.typ"
    LogicalPath="Program.Types.typ"
    Type="File"
    LastWriteTime="133340562817685474"
    Private="true" />
  <Object
    Path="C:\Users\Szkolenie\Desktop\TK_Praktyki_2023\wizualizacja_teo\Logical\Program\Variables.var"
    LogicalPath="Program.Variables.var"
    Type="File"
    LastWriteTime="133340562817685474"
    Private="true" />
  <Object
    Path="C:\Users\Szkolenie\Desktop\TK_Praktyki_2023\wizualizacja_teo\Logical\Alarms\IEC.prg"
    LogicalPath="Alarms"
    Type="Program"
    LastWriteTime="133340605691569992" />
  <Object
    Path="C:\Users\Szkolenie\Desktop\TK_Praktyki_2023\wizualizacja_teo\Logical\Alarms\Main.st"
    LogicalPath="Alarms.Main.st"
    Type="File"
    LastWriteTime="133341470297911256"
    Private="false" />
  <Object
    Path="C:\Users\Szkolenie\Desktop\TK_Praktyki_2023\wizualizacja_teo\Logical\Alarms\Types.typ"
    LogicalPath="Alarms.Types.typ"
    Type="File"
    LastWriteTime="133340606440733609"
    Private="true" />
  <Object
    Path="C:\Users\Szkolenie\Desktop\TK_Praktyki_2023\wizualizacja_teo\Logical\Alarms\Variables.var"
    LogicalPath="Alarms.Variables.var"
    Type="File"
    LastWriteTime="133341462040484387"
    Private="true" />
  <Object
    Path="C:\Users\Szkolenie\Desktop\TK_Praktyki_2023\wizualizacja_teo\Physical\ConfigSortingSystem\Config.pkg"
    LogicalPath="ConfigSortingSystem"
    Type="Configuration.ParentUnknown"
    LastWriteTime="133340562817997881" />
  <Object
    Path="C:\Users\Szkolenie\Desktop\TK_Praktyki_2023\wizualizacja_teo\Physical\ConfigSortingSystem\Hardware.hw"
    LogicalPath="ConfigSortingSystem.Hardware.hw"
    Type="File"
    LastWriteTime="133341469264758978"
    Private="false" />
  <Object
    Path="C:\Users\Szkolenie\Desktop\TK_Praktyki_2023\wizualizacja_teo\Physical\ConfigSortingSystem\Hardware.hwl"
    LogicalPath="ConfigSortingSystem.Hardware.hwl"
    Type="File"
    LastWriteTime="133340562817997881"
    Private="false" />
  <Object
    Path="C:\Users\Szkolenie\Desktop\TK_Praktyki_2023\wizualizacja_teo\Physical\ConfigSortingSystem\X20CP1584\Cpu.pkg"
    LogicalPath="ConfigSortingSystem.X20CP1584"
    Type="Cpu"
    LastWriteTime="133341471254983374" />
  <Object
    Path="C:\Users\Szkolenie\Desktop\TK_Praktyki_2023\wizualizacja_teo\Physical\ConfigSortingSystem\X20CP1584\Cpu.sw"
    LogicalPath="ConfigSortingSystem.X20CP1584.Cpu.sw"
    Type="File"
    LastWriteTime="133341399114536239"
    Private="false" />
  <Object
    Path="C:\Users\Szkolenie\Desktop\TK_Praktyki_2023\wizualizacja_teo\Physical\ConfigSortingSystem\X20CP1584\Cpu.per"
    LogicalPath="ConfigSortingSystem.X20CP1584.Cpu.per"
    Type="File"
    LastWriteTime="133340562818154110"
    Private="false" />
  <Object
    Path="C:\Users\Szkolenie\Desktop\TK_Praktyki_2023\wizualizacja_teo\Physical\ConfigSortingSystem\X20CP1584\IoMap.iom"
    LogicalPath="ConfigSortingSystem.X20CP1584.IoMap.iom"
    Type="File"
    LastWriteTime="133340562818310326"
    Private="false" />
  <Object
    Path="C:\Users\Szkolenie\Desktop\TK_Praktyki_2023\wizualizacja_teo\Physical\ConfigSortingSystem\X20CP1584\PvMap.vvm"
    LogicalPath="ConfigSortingSystem.X20CP1584.PvMap.vvm"
    Type="File"
    LastWriteTime="133340562818310326"
    Private="false" />
  <Object
    Path="C:\Users\Szkolenie\Desktop\TK_Praktyki_2023\wizualizacja_teo\Physical\ConfigSortingSystem\X20CP1584\Connectivity\Package.pkg"
    LogicalPath="ConfigSortingSystem.X20CP1584.Connectivity"
    Type="Package"
    LastWriteTime="133340562818154110" />
  <Object
    Path="C:\Users\Szkolenie\Desktop\TK_Praktyki_2023\wizualizacja_teo\Physical\ConfigSortingSystem\X20CP1584\Connectivity\OpcUA\Package.pkg"
    LogicalPath="ConfigSortingSystem.X20CP1584.Connectivity.OpcUA"
    Type="Package"
    LastWriteTime="133340562818154110" />
  <Object
    Path="C:\Users\Szkolenie\Desktop\TK_Praktyki_2023\wizualizacja_teo\Physical\ConfigSortingSystem\X20CP1584\Connectivity\OpcUA\OpcUaMap.uad"
    LogicalPath="ConfigSortingSystem.X20CP1584.Connectivity.OpcUA.OpcUaMap.uad"
    Type="File"
    LastWriteTime="133341388203363790"
    Private="false" />
  <Object
    Path="C:\Users\Szkolenie\Desktop\TK_Praktyki_2023\wizualizacja_teo\Physical\ConfigSortingSystem\X20CP1584\Connectivity\OpcUaFx\Package.pkg"
    LogicalPath="ConfigSortingSystem.X20CP1584.Connectivity.OpcUaFx"
    Type="Package"
    LastWriteTime="133340562818154110" />
  <Object
    Path="C:\Users\Szkolenie\Desktop\TK_Praktyki_2023\wizualizacja_teo\Physical\ConfigSortingSystem\X20CP1584\TextSystem\Package.pkg"
    LogicalPath="ConfigSortingSystem.X20CP1584.TextSystem"
    Type="Package"
    LastWriteTime="133340562818310326" />
  <Object
    Path="C:\Users\Szkolenie\Desktop\TK_Praktyki_2023\wizualizacja_teo\Physical\ConfigSortingSystem\X20CP1584\UnitSystem\Package.pkg"
    LogicalPath="ConfigSortingSystem.X20CP1584.UnitSystem"
    Type="Package"
    LastWriteTime="133340562818310326" />
  <Object
    Path="C:\Users\Szkolenie\Desktop\TK_Praktyki_2023\wizualizacja_teo\Physical\ConfigSortingSystem\X20CP1584\AccessAndSecurity\Package.pkg"
    LogicalPath="ConfigSortingSystem.X20CP1584.AccessAndSecurity"
    Type="Package"
    LastWriteTime="133340562818154110" />
  <Object
    Path="C:\Users\Szkolenie\Desktop\TK_Praktyki_2023\wizualizacja_teo\Physical\ConfigSortingSystem\X20CP1584\AccessAndSecurity\UserRoleSystem\Package.pkg"
    LogicalPath="ConfigSortingSystem.X20CP1584.AccessAndSecurity.UserRoleSystem"
    Type="Package"
    LastWriteTime="133340562818154110" />
  <Object
    Path="C:\Users\Szkolenie\Desktop\TK_Praktyki_2023\wizualizacja_teo\Physical\ConfigSortingSystem\X20CP1584\AccessAndSecurity\UserRoleSystem\Role.role"
    LogicalPath="ConfigSortingSystem.X20CP1584.AccessAndSecurity.UserRoleSystem.Role.role"
    Type="File"
    LastWriteTime="133340562818154110"
    Private="false" />
  <Object
    Path="C:\Users\Szkolenie\Desktop\TK_Praktyki_2023\wizualizacja_teo\Physical\ConfigSortingSystem\X20CP1584\AccessAndSecurity\UserRoleSystem\User.user"
    LogicalPath="ConfigSortingSystem.X20CP1584.AccessAndSecurity.UserRoleSystem.User.user"
    Type="File"
    LastWriteTime="133340562818154110"
    Private="false" />
  <Object
    Path="C:\Users\Szkolenie\Desktop\TK_Praktyki_2023\wizualizacja_teo\Physical\ConfigSortingSystem\X20CP1584\AccessAndSecurity\CertificateStore\Package.pkg"
    LogicalPath="ConfigSortingSystem.X20CP1584.AccessAndSecurity.CertificateStore"
    Type="Package"
    LastWriteTime="133340562818154110" />
  <Object
    Path="C:\Users\Szkolenie\Desktop\TK_Praktyki_2023\wizualizacja_teo\Physical\ConfigSortingSystem\X20CP1584\AccessAndSecurity\CertificateStore\OwnCertificates\Package.pkg"
    LogicalPath="ConfigSortingSystem.X20CP1584.AccessAndSecurity.CertificateStore.OwnCertificates"
    Type="Package"
    LastWriteTime="133340562818154110" />
  <Object
    Path="C:\Users\Szkolenie\Desktop\TK_Praktyki_2023\wizualizacja_teo\Physical\ConfigSortingSystem\X20CP1584\AccessAndSecurity\CertificateStore\OwnCertificates\Certificates\Package.pkg"
    LogicalPath="ConfigSortingSystem.X20CP1584.AccessAndSecurity.CertificateStore.OwnCertificates.Certificates"
    Type="Package"
    LastWriteTime="133340562818154110" />
  <Object
    Path="C:\Users\Szkolenie\Desktop\TK_Praktyki_2023\wizualizacja_teo\Physical\ConfigSortingSystem\X20CP1584\AccessAndSecurity\CertificateStore\OwnCertificates\PrivateKeys\Package.pkg"
    LogicalPath="ConfigSortingSystem.X20CP1584.AccessAndSecurity.CertificateStore.OwnCertificates.PrivateKeys"
    Type="Package"
    LastWriteTime="133340562818154110" />
  <Object
    Path="C:\Users\Szkolenie\Desktop\TK_Praktyki_2023\wizualizacja_teo\Physical\ConfigSortingSystem\X20CP1584\AccessAndSecurity\CertificateStore\ThirdPartyCertificates\Package.pkg"
    LogicalPath="ConfigSortingSystem.X20CP1584.AccessAndSecurity.CertificateStore.ThirdPartyCertificates"
    Type="Package"
    LastWriteTime="133340562818154110" />
  <Object
    Path="C:\Users\Szkolenie\Desktop\TK_Praktyki_2023\wizualizacja_teo\Physical\ConfigSortingSystem\X20CP1584\AccessAndSecurity\CertificateStore\ThirdPartyCertificates\SoftwareCertificates\Package.pkg"
    LogicalPath="ConfigSortingSystem.X20CP1584.AccessAndSecurity.CertificateStore.ThirdPartyCertificates.SoftwareCertificates"
    Type="Package"
    LastWriteTime="133340562818154110" />
  <Object
    Path="C:\Users\Szkolenie\Desktop\TK_Praktyki_2023\wizualizacja_teo\Physical\ConfigSortingSystem\X20CP1584\AccessAndSecurity\CertificateStore\CertificateRevocationLists\Package.pkg"
    LogicalPath="ConfigSortingSystem.X20CP1584.AccessAndSecurity.CertificateStore.CertificateRevocationLists"
    Type="Package"
    LastWriteTime="133340562818154110" />
  <Object
    Path="C:\Users\Szkolenie\Desktop\TK_Praktyki_2023\wizualizacja_teo\Physical\ConfigSortingSystem\X20CP1584\AccessAndSecurity\CertificateStore\CertificateSigningRequests\Package.pkg"
    LogicalPath="ConfigSortingSystem.X20CP1584.AccessAndSecurity.CertificateStore.CertificateSigningRequests"
    Type="Package"
    LastWriteTime="133340562818154110" />
  <Object
    Path="C:\Users\Szkolenie\Desktop\TK_Praktyki_2023\wizualizacja_teo\Physical\ConfigSortingSystem\X20CP1584\AccessAndSecurity\TransportLayerSecurity\Package.pkg"
    LogicalPath="ConfigSortingSystem.X20CP1584.AccessAndSecurity.TransportLayerSecurity"
    Type="Package"
    LastWriteTime="133340562818154110" />
  <Object
    Path="C:\Users\Szkolenie\Desktop\TK_Praktyki_2023\wizualizacja_teo\Physical\ConfigSortingSystem\X20CP1584\AccessAndSecurity\Firewall\Package.pkg"
    LogicalPath="ConfigSortingSystem.X20CP1584.AccessAndSecurity.Firewall"
    Type="Package"
    LastWriteTime="133340562818154110" />
  <Object
    Path="C:\Users\Szkolenie\Desktop\TK_Praktyki_2023\wizualizacja_teo\Physical\ConfigSortingSystem\X20CP1584\AccessAndSecurity\Firewall\Rules.firewallRules"
    LogicalPath="ConfigSortingSystem.X20CP1584.AccessAndSecurity.Firewall.Rules.firewallRules"
    Type="File"
    LastWriteTime="133340562818154110"
    Private="false" />
  <Object
    Path="C:\Users\Szkolenie\Desktop\TK_Praktyki_2023\wizualizacja_teo\Physical\ConfigSortingSystem\X20CP1584\mappControl\Package.pkg"
    LogicalPath="ConfigSortingSystem.X20CP1584.mappControl"
    Type="Package"
    LastWriteTime="133340562818310326" />
  <Object
    Path="C:\Users\Szkolenie\Desktop\TK_Praktyki_2023\wizualizacja_teo\Physical\ConfigSortingSystem\X20CP1584\mappMotion\Package.pkg"
    LogicalPath="ConfigSortingSystem.X20CP1584.mappMotion"
    Type="Package"
    LastWriteTime="133340562818310326" />
  <Object
    Path="C:\Users\Szkolenie\Desktop\TK_Praktyki_2023\wizualizacja_teo\Physical\ConfigSortingSystem\X20CP1584\mappMotion\Config_1.axis"
    LogicalPath="ConfigSortingSystem.X20CP1584.mappMotion.Config_1.axis"
    Type="File"
    LastWriteTime="133340562818310326"
    Private="false" />
  <Object
    Path="C:\Users\Szkolenie\Desktop\TK_Praktyki_2023\wizualizacja_teo\Physical\ConfigSortingSystem\X20CP1584\mappServices\Package.pkg"
    LogicalPath="ConfigSortingSystem.X20CP1584.mappServices"
    Type="Package"
    LastWriteTime="133341429947793807" />
  <Object
    Path="C:\Users\Szkolenie\Desktop\TK_Praktyki_2023\wizualizacja_teo\Physical\ConfigSortingSystem\X20CP1584\mappServices\Config.mpalarmxcore"
    LogicalPath="ConfigSortingSystem.X20CP1584.mappServices.Config.mpalarmxcore"
    Type="File"
    LastWriteTime="133341388476795872"
    Private="false" />
  <Object
    Path="C:\Users\Szkolenie\Desktop\TK_Praktyki_2023\wizualizacja_teo\Physical\ConfigSortingSystem\X20CP1584\mappServices\Config_2.mpalarmxhistory"
    LogicalPath="ConfigSortingSystem.X20CP1584.mappServices.Config_2.mpalarmxhistory"
    Type="File"
    LastWriteTime="133341429947783830"
    Private="false" />
  <Object
    Path="C:\Users\Szkolenie\Desktop\TK_Praktyki_2023\wizualizacja_teo\Physical\ConfigSortingSystem\X20CP1584\mappSafety\Package.pkg"
    LogicalPath="ConfigSortingSystem.X20CP1584.mappSafety"
    Type="Package"
    LastWriteTime="133340562818310326" />
  <Object
    Path="C:\Users\Szkolenie\Desktop\TK_Praktyki_2023\wizualizacja_teo\Physical\ConfigSortingSystem\X20CP1584\mappSafety\SafeApplication\Package.pkg"
    LogicalPath="ConfigSortingSystem.X20CP1584.mappSafety.SafeApplication"
    Type="Package"
    LastWriteTime="133340562818310326" />
  <Object
    Path="C:\Users\Szkolenie\Desktop\TK_Praktyki_2023\wizualizacja_teo\Physical\ConfigSortingSystem\X20CP1584\mappSafety\SafeCommissioning\Package.pkg"
    LogicalPath="ConfigSortingSystem.X20CP1584.mappSafety.SafeCommissioning"
    Type="Package"
    LastWriteTime="133340562818310326" />
  <Object
    Path="C:\Users\Szkolenie\Desktop\TK_Praktyki_2023\wizualizacja_teo\Physical\ConfigSortingSystem\X20CP1584\mappView\Package.pkg"
    LogicalPath="ConfigSortingSystem.X20CP1584.mappView"
    Type="Package"
    LastWriteTime="133341389079970302" />
  <Object
    Path="C:\Users\Szkolenie\Desktop\TK_Praktyki_2023\wizualizacja_teo\Physical\ConfigSortingSystem\X20CP1584\mappView\Visualizat.vis"
    LogicalPath="ConfigSortingSystem.X20CP1584.mappView.Visualizat.vis"
    Type="File"
    LastWriteTime="133341467482486498"
    Private="false" />
  <Object
    Path="C:\Users\Szkolenie\Desktop\TK_Praktyki_2023\wizualizacja_teo\Physical\ConfigSortingSystem\X20CP1584\mappView\Config.mappviewcfg"
    LogicalPath="ConfigSortingSystem.X20CP1584.mappView.Config.mappviewcfg"
    Type="File"
    LastWriteTime="133340756443883530"
    Private="false" />
  <Object
    Path="C:\Users\Szkolenie\Desktop\TK_Praktyki_2023\wizualizacja_teo\Physical\ConfigSortingSystem\X20CP1584\mappView\ContentTop.eventbinding"
    LogicalPath="ConfigSortingSystem.X20CP1584.mappView.ContentTop.eventbinding"
    Type="File"
    LastWriteTime="133340681691206068"
    Private="false" />
  <Object
    Path="C:\Users\Szkolenie\Desktop\TK_Praktyki_2023\wizualizacja_teo\Physical\ConfigSortingSystem\X20CP1584\mappView\ContentAlarms.eventbinding"
    LogicalPath="ConfigSortingSystem.X20CP1584.mappView.ContentAlarms.eventbinding"
    Type="File"
    LastWriteTime="133340614298852636"
    Private="false" />
  <Object
    Path="C:\Users\Szkolenie\Desktop\TK_Praktyki_2023\wizualizacja_teo\Physical\ConfigSortingSystem\X20CP1584\mappView\ContentAlarms.binding"
    LogicalPath="ConfigSortingSystem.X20CP1584.mappView.ContentAlarms.binding"
    Type="File"
    LastWriteTime="133340676196930657"
    Private="false" />
  <Object
    Path="C:\Users\Szkolenie\Desktop\TK_Praktyki_2023\wizualizacja_teo\Physical\ConfigSortingSystem\X20CP1584\mappView\ContentAlarmHistory.binding"
    LogicalPath="ConfigSortingSystem.X20CP1584.mappView.ContentAlarmHistory.binding"
    Type="File"
    LastWriteTime="133341439603327091"
    Private="false" />
  <Object
    Path="C:\Users\Szkolenie\Desktop\TK_Praktyki_2023\wizualizacja_teo\Physical\ConfigSortingSystem\X20CP1584\mappView\ContentTop.binding"
    LogicalPath="ConfigSortingSystem.X20CP1584.mappView.ContentTop.binding"
    Type="File"
    LastWriteTime="133341394584093391"
    Private="false" />
  <Object
    Path="C:\Users\Szkolenie\Desktop\TK_Praktyki_2023\wizualizacja_teo\Physical\ConfigSortingSystem\X20CP1584\mappVision\Package.pkg"
    LogicalPath="ConfigSortingSystem.X20CP1584.mappVision"
    Type="Package"
    LastWriteTime="133340562818466530" />
  <Object
    Path="C:\Users\Szkolenie\Desktop\TK_Praktyki_2023\wizualizacja_teo\Physical\ConfigSortingSystem\X20CP1584\mappCockpit\Package.pkg"
    LogicalPath="ConfigSortingSystem.X20CP1584.mappCockpit"
    Type="Package"
    LastWriteTime="133340562818310326" />
  <Object
    Path="C:\Users\Szkolenie\Desktop\TK_Praktyki_2023\wizualizacja_teo\Physical\ConfigSortingSystem\X20CP1584\mappCockpit\Settings.mcocfg"
    LogicalPath="ConfigSortingSystem.X20CP1584.mappCockpit.Settings.mcocfg"
    Type="File"
    LastWriteTime="133340562818310326"
    Private="false" />
  <Object
    Path="C:\Users\Szkolenie\Desktop\TK_Praktyki_2023\wizualizacja_teo\Physical\ConfigSortingSystem\X20CP1584\ExternalHardware\Package.pkg"
    LogicalPath="ConfigSortingSystem.X20CP1584.ExternalHardware"
    Type="Package"
    LastWriteTime="133340562818310326" />
  <Object
    Path="C:\Users\Szkolenie\Desktop\TK_Praktyki_2023\wizualizacja_teo\Physical\ConfigSortingSystem\X20CP1584\ExternalHardware\DHZ58EAC.ext"
    LogicalPath="ConfigSortingSystem.X20CP1584.ExternalHardware.DHZ58EAC.ext"
    Type="File"
    LastWriteTime="133340562818310326"
    Private="false" />
  <Object
    Path="C:\Users\Szkolenie\Desktop\TK_Praktyki_2023\wizualizacja_teo\Physical\ConfigSortingSystem\X20CP1584\ExternalHardware\ExternalHardwareDevices.xml"
    LogicalPath="ConfigSortingSystem.X20CP1584.ExternalHardware.ExternalHardwareDevices.xml"
    Type="File"
    LastWriteTime="133340562818310326"
    Private="false" />
  <Object
    Path="C:\Users\Szkolenie\Desktop\TK_Praktyki_2023\wizualizacja_teo\Physical\ConfigSortingSystem\X20CP1584\ExternalHardware\HFMWWBJD.ext"
    LogicalPath="ConfigSortingSystem.X20CP1584.ExternalHardware.HFMWWBJD.ext"
    Type="File"
    LastWriteTime="133340562818310326"
    Private="false" />
  <Object
    Path="C:\Users\Szkolenie\Desktop\TK_Praktyki_2023\wizualizacja_teo\Physical\ConfigSortingSystem\X20CP1584\ExternalHardware\1KRO69IV.ext"
    LogicalPath="ConfigSortingSystem.X20CP1584.ExternalHardware.1KRO69IV.ext"
    Type="File"
    LastWriteTime="133340562818310326"
    Private="false" />
  <Object
    Path="C:\Users\Szkolenie\Desktop\TK_Praktyki_2023\wizualizacja_teo\Physical\ConfigSortingSystem\X20CP1584\ExternalHardware\AZ6T0Y96.ext"
    LogicalPath="ConfigSortingSystem.X20CP1584.ExternalHardware.AZ6T0Y96.ext"
    Type="File"
    LastWriteTime="133340562818310326"
    Private="false" />
  <Object
    Path="C:\Users\Szkolenie\Desktop\TK_Praktyki_2023\wizualizacja_teo\Physical\ConfigSortingSystem\Hardware.jpg"
    LogicalPath="ConfigSortingSystem.Hardware.jpg"
    Type="File"
    LastWriteTime="133340562817997881"
    Private="false" />
</Objects>