C:\Users\Szkolenie\Desktop\TK_Praktyki_2023\wizualizacja_teo\Temp\Includes\AS_TempDecl\ConfigSortingSystem\GlobalComponents\McElements.var
C:\Users\Szkolenie\Desktop\TK_Praktyki_2023\wizualizacja_teo\Temp\Includes\AS_TempDecl\ConfigSortingSystem\GlobalComponents\MpComponents.var
C:\Users\Szkolenie\Desktop\TK_Praktyki_2023\wizualizacja_teo\Logical\Global.typ
C:\Users\Szkolenie\Desktop\TK_Praktyki_2023\wizualizacja_teo\Logical\Global.var
C:\Users\Szkolenie\Desktop\TK_Praktyki_2023\wizualizacja_teo\Logical\Libraries\operator\operator.fun
C:\Users\Szkolenie\Desktop\TK_Praktyki_2023\wizualizacja_teo\Logical\Libraries\operator\operator.typ
C:\Users\Szkolenie\Desktop\TK_Praktyki_2023\wizualizacja_teo\Logical\Libraries\operator\operator.var
C:\Users\Szkolenie\Desktop\TK_Praktyki_2023\wizualizacja_teo\Logical\Libraries\runtime\runtime.fun
C:\Users\Szkolenie\Desktop\TK_Praktyki_2023\wizualizacja_teo\Logical\Libraries\runtime\runtime.typ
C:\Users\Szkolenie\Desktop\TK_Praktyki_2023\wizualizacja_teo\Logical\Libraries\runtime\runtime.var
C:\Users\Szkolenie\Desktop\TK_Praktyki_2023\wizualizacja_teo\Logical\Libraries\astime\astime.fun
C:\Users\Szkolenie\Desktop\TK_Praktyki_2023\wizualizacja_teo\Logical\Libraries\astime\astime.typ
C:\Users\Szkolenie\Desktop\TK_Praktyki_2023\wizualizacja_teo\Logical\Libraries\astime\astime.var
C:\Users\Szkolenie\Desktop\TK_Praktyki_2023\wizualizacja_teo\Logical\Libraries\AsIecCon\AsIecCon.fun
C:\Users\Szkolenie\Desktop\TK_Praktyki_2023\wizualizacja_teo\Logical\Libraries\AsIecCon\AsIecCon.typ
C:\Users\Szkolenie\Desktop\TK_Praktyki_2023\wizualizacja_teo\Logical\Libraries\AsIecCon\AsIecCon.var
C:\Users\Szkolenie\Desktop\TK_Praktyki_2023\wizualizacja_teo\Logical\Libraries\MpAxis\MpAxis.fun
C:\Users\Szkolenie\Desktop\TK_Praktyki_2023\wizualizacja_teo\Logical\Libraries\MpAxis\MpAxis.typ
C:\Users\Szkolenie\Desktop\TK_Praktyki_2023\wizualizacja_teo\Logical\Libraries\MpAxis\MpAxisError.typ
C:\Users\Szkolenie\Desktop\TK_Praktyki_2023\wizualizacja_teo\Logical\Libraries\McAxis\McAxis.typ
C:\Users\Szkolenie\Desktop\TK_Praktyki_2023\wizualizacja_teo\Logical\Libraries\McAxis\McAxis.fun
C:\Users\Szkolenie\Desktop\TK_Praktyki_2023\wizualizacja_teo\Logical\Libraries\McAxis\McAxis.var
C:\Users\Szkolenie\Desktop\TK_Praktyki_2023\wizualizacja_teo\Logical\Libraries\McAxis\McAxisCfg.typ
C:\Users\Szkolenie\Desktop\TK_Praktyki_2023\wizualizacja_teo\Logical\Libraries\MpBase\MpBase.var
C:\Users\Szkolenie\Desktop\TK_Praktyki_2023\wizualizacja_teo\Logical\Libraries\MpBase\MpBase.typ
C:\Users\Szkolenie\Desktop\TK_Praktyki_2023\wizualizacja_teo\Logical\Libraries\MpBase\MpBase.fun
C:\Users\Szkolenie\Desktop\TK_Praktyki_2023\wizualizacja_teo\Logical\Libraries\McAcpAx\McAcpAx.typ
C:\Users\Szkolenie\Desktop\TK_Praktyki_2023\wizualizacja_teo\Logical\Libraries\McAcpAx\McAcpAx.fun
C:\Users\Szkolenie\Desktop\TK_Praktyki_2023\wizualizacja_teo\Logical\Libraries\McAcpAx\McAcpAx.var
C:\Users\Szkolenie\Desktop\TK_Praktyki_2023\wizualizacja_teo\Logical\Libraries\McAcpAx\McAcpAxCfg.typ
C:\Users\Szkolenie\Desktop\TK_Praktyki_2023\wizualizacja_teo\Logical\Libraries\CoTrace\CoTrace.fun
C:\Users\Szkolenie\Desktop\TK_Praktyki_2023\wizualizacja_teo\Logical\Libraries\CoTrace\CoTrace.typ
C:\Users\Szkolenie\Desktop\TK_Praktyki_2023\wizualizacja_teo\Logical\Libraries\CoTrace\CoTrace.var
C:\Users\Szkolenie\Desktop\TK_Praktyki_2023\wizualizacja_teo\Logical\Libraries\AsZip\AsZip.fun
C:\Users\Szkolenie\Desktop\TK_Praktyki_2023\wizualizacja_teo\Logical\Libraries\AsZip\AsZip.typ
C:\Users\Szkolenie\Desktop\TK_Praktyki_2023\wizualizacja_teo\Logical\Libraries\AsZip\AsZip.var
C:\Users\Szkolenie\Desktop\TK_Praktyki_2023\wizualizacja_teo\Logical\Libraries\FileIO\FileIO.fun
C:\Users\Szkolenie\Desktop\TK_Praktyki_2023\wizualizacja_teo\Logical\Libraries\FileIO\FileIO.typ
C:\Users\Szkolenie\Desktop\TK_Praktyki_2023\wizualizacja_teo\Logical\Libraries\FileIO\FileIO.var
C:\Users\Szkolenie\Desktop\TK_Praktyki_2023\wizualizacja_teo\Logical\Libraries\McBase\McBase.typ
C:\Users\Szkolenie\Desktop\TK_Praktyki_2023\wizualizacja_teo\Logical\Libraries\McBase\McBase.fun
C:\Users\Szkolenie\Desktop\TK_Praktyki_2023\wizualizacja_teo\Logical\Libraries\McBase\McBase.var
C:\Users\Szkolenie\Desktop\TK_Praktyki_2023\wizualizacja_teo\Logical\Libraries\McBase\McBaseCfg.typ
C:\Users\Szkolenie\Desktop\TK_Praktyki_2023\wizualizacja_teo\Logical\Libraries\MpAlarmX\MpAlarmX.typ
C:\Users\Szkolenie\Desktop\TK_Praktyki_2023\wizualizacja_teo\Logical\Libraries\MpAlarmX\MpAlarmXError.typ
C:\Users\Szkolenie\Desktop\TK_Praktyki_2023\wizualizacja_teo\Logical\Libraries\MpAlarmX\MpAlarmX.fun
C:\Users\Szkolenie\Desktop\TK_Praktyki_2023\wizualizacja_teo\Logical\Libraries\standard\standard.fun
C:\Users\Szkolenie\Desktop\TK_Praktyki_2023\wizualizacja_teo\Logical\Libraries\standard\standard.typ
C:\Users\Szkolenie\Desktop\TK_Praktyki_2023\wizualizacja_teo\Logical\Libraries\standard\standard.var
C:\Users\Szkolenie\Desktop\TK_Praktyki_2023\wizualizacja_teo\Logical\Libraries\MpServer\Constants.var
C:\Users\Szkolenie\Desktop\TK_Praktyki_2023\wizualizacja_teo\Logical\Libraries\MpServer\Types.typ
C:\Users\Szkolenie\Desktop\TK_Praktyki_2023\wizualizacja_teo\Logical\Libraries\MpServer\MpServer.fun
