C:\Users\ninab\Desktop\automation studio\SorterBR_backup\Temp\Includes\AS_TempDecl\ConfigSortingSystem\GlobalComponents\MpVisionComponents.var
C:\Users\ninab\Desktop\automation studio\SorterBR_backup\Temp\Includes\AS_TempDecl\ConfigSortingSystem\GlobalComponents\McElements.var
C:\Users\ninab\Desktop\automation studio\SorterBR_backup\Logical\Global.typ
C:\Users\ninab\Desktop\automation studio\SorterBR_backup\Logical\Global.var
C:\Users\ninab\Desktop\automation studio\SorterBR_backup\Logical\Libraries\operator\operator.fun
C:\Users\ninab\Desktop\automation studio\SorterBR_backup\Logical\Libraries\operator\operator.typ
C:\Users\ninab\Desktop\automation studio\SorterBR_backup\Logical\Libraries\operator\operator.var
C:\Users\ninab\Desktop\automation studio\SorterBR_backup\Logical\Libraries\runtime\runtime.fun
C:\Users\ninab\Desktop\automation studio\SorterBR_backup\Logical\Libraries\runtime\runtime.typ
C:\Users\ninab\Desktop\automation studio\SorterBR_backup\Logical\Libraries\runtime\runtime.var
C:\Users\ninab\Desktop\automation studio\SorterBR_backup\Logical\Libraries\astime\astime.fun
C:\Users\ninab\Desktop\automation studio\SorterBR_backup\Logical\Libraries\astime\astime.typ
C:\Users\ninab\Desktop\automation studio\SorterBR_backup\Logical\Libraries\astime\astime.var
C:\Users\ninab\Desktop\automation studio\SorterBR_backup\Logical\Libraries\AsIecCon\AsIecCon.fun
C:\Users\ninab\Desktop\automation studio\SorterBR_backup\Logical\Libraries\AsIecCon\AsIecCon.typ
C:\Users\ninab\Desktop\automation studio\SorterBR_backup\Logical\Libraries\AsIecCon\AsIecCon.var
C:\Users\ninab\Desktop\automation studio\SorterBR_backup\Logical\Libraries\MpAxis\MpAxis.fun
C:\Users\ninab\Desktop\automation studio\SorterBR_backup\Logical\Libraries\MpAxis\MpAxis.typ
C:\Users\ninab\Desktop\automation studio\SorterBR_backup\Logical\Libraries\MpAxis\MpAxisError.typ
C:\Users\ninab\Desktop\automation studio\SorterBR_backup\Logical\Libraries\McAxis\McAxis.typ
C:\Users\ninab\Desktop\automation studio\SorterBR_backup\Logical\Libraries\McAxis\McAxis.fun
C:\Users\ninab\Desktop\automation studio\SorterBR_backup\Logical\Libraries\McAxis\McAxis.var
C:\Users\ninab\Desktop\automation studio\SorterBR_backup\Logical\Libraries\McAxis\McAxisCfg.typ
C:\Users\ninab\Desktop\automation studio\SorterBR_backup\Logical\Libraries\MpBase\MpBase.var
C:\Users\ninab\Desktop\automation studio\SorterBR_backup\Logical\Libraries\MpBase\MpBase.typ
C:\Users\ninab\Desktop\automation studio\SorterBR_backup\Logical\Libraries\MpBase\MpBase.fun
C:\Users\ninab\Desktop\automation studio\SorterBR_backup\Logical\Libraries\McAcpAx\McAcpAx.typ
C:\Users\ninab\Desktop\automation studio\SorterBR_backup\Logical\Libraries\McAcpAx\McAcpAx.fun
C:\Users\ninab\Desktop\automation studio\SorterBR_backup\Logical\Libraries\McAcpAx\McAcpAx.var
C:\Users\ninab\Desktop\automation studio\SorterBR_backup\Logical\Libraries\McAcpAx\McAcpAxCfg.typ
C:\Users\ninab\Desktop\automation studio\SorterBR_backup\Logical\Libraries\CoTrace\CoTrace.fun
C:\Users\ninab\Desktop\automation studio\SorterBR_backup\Logical\Libraries\CoTrace\CoTrace.typ
C:\Users\ninab\Desktop\automation studio\SorterBR_backup\Logical\Libraries\CoTrace\CoTrace.var
C:\Users\ninab\Desktop\automation studio\SorterBR_backup\Logical\Libraries\AsZip\AsZip.fun
C:\Users\ninab\Desktop\automation studio\SorterBR_backup\Logical\Libraries\AsZip\AsZip.typ
C:\Users\ninab\Desktop\automation studio\SorterBR_backup\Logical\Libraries\AsZip\AsZip.var
C:\Users\ninab\Desktop\automation studio\SorterBR_backup\Logical\Libraries\FileIO\FileIO.fun
C:\Users\ninab\Desktop\automation studio\SorterBR_backup\Logical\Libraries\FileIO\FileIO.typ
C:\Users\ninab\Desktop\automation studio\SorterBR_backup\Logical\Libraries\FileIO\FileIO.var
C:\Users\ninab\Desktop\automation studio\SorterBR_backup\Logical\Libraries\McBase\McBase.typ
C:\Users\ninab\Desktop\automation studio\SorterBR_backup\Logical\Libraries\McBase\McBase.fun
C:\Users\ninab\Desktop\automation studio\SorterBR_backup\Logical\Libraries\McBase\McBase.var
C:\Users\ninab\Desktop\automation studio\SorterBR_backup\Logical\Libraries\McBase\McBaseCfg.typ
C:\Users\ninab\Desktop\automation studio\SorterBR_backup\Logical\Libraries\ViBase\ViBase.fun
C:\Users\ninab\Desktop\automation studio\SorterBR_backup\Logical\Libraries\ViBase\ViBase.typ
C:\Users\ninab\Desktop\automation studio\SorterBR_backup\Logical\Libraries\ViBase\ViBase.var
C:\Users\ninab\Desktop\automation studio\SorterBR_backup\Logical\Libraries\AsARCfg\AsARCfg.fun
C:\Users\ninab\Desktop\automation studio\SorterBR_backup\Logical\Libraries\AsARCfg\AsARCfg.typ
C:\Users\ninab\Desktop\automation studio\SorterBR_backup\Logical\Libraries\AsARCfg\AsARCfg.var
C:\Users\ninab\Desktop\automation studio\SorterBR_backup\Logical\Libraries\powerlnk\powerlnk.fun
C:\Users\ninab\Desktop\automation studio\SorterBR_backup\Logical\Libraries\powerlnk\powerlnk.typ
C:\Users\ninab\Desktop\automation studio\SorterBR_backup\Logical\Libraries\powerlnk\powerlnk.var
C:\Users\ninab\Desktop\automation studio\SorterBR_backup\Logical\Libraries\AsEPL\AsEPL.fun
C:\Users\ninab\Desktop\automation studio\SorterBR_backup\Logical\Libraries\AsEPL\AsEPL.typ
C:\Users\ninab\Desktop\automation studio\SorterBR_backup\Logical\Libraries\AsEPL\AsEPL.var
C:\Users\ninab\Desktop\automation studio\SorterBR_backup\Logical\Libraries\AsIO\AsIO.fun
C:\Users\ninab\Desktop\automation studio\SorterBR_backup\Logical\Libraries\AsIO\AsIO.typ
C:\Users\ninab\Desktop\automation studio\SorterBR_backup\Logical\Libraries\AsIO\AsIO.var
C:\Users\ninab\Desktop\automation studio\SorterBR_backup\Logical\Libraries\sys_lib\sys_lib.fun
C:\Users\ninab\Desktop\automation studio\SorterBR_backup\Logical\Libraries\sys_lib\sys_lib.typ
C:\Users\ninab\Desktop\automation studio\SorterBR_backup\Logical\Libraries\sys_lib\sys_lib.var
C:\Users\ninab\Desktop\automation studio\SorterBR_backup\Logical\Libraries\DataObj\DataObj.fun
C:\Users\ninab\Desktop\automation studio\SorterBR_backup\Logical\Libraries\DataObj\DataObj.typ
C:\Users\ninab\Desktop\automation studio\SorterBR_backup\Logical\Libraries\DataObj\DataObj.var
